Microchip MPLAB XC8 Compiler V2.31

Linker command line:

-W-3 --edf=C:\Program Files\Microchip\xc8\v2.31\pic\dat\en_msgs.txt -cn \
  -h+dist/default/production\LAB_3_1.X.production.sym \
  --cmf=dist/default/production\LAB_3_1.X.production.cmf -z -Q16F887 \
  -oC:\Users\raula\AppData\Local\Temp\s2bo.2 --defsym=__MPLAB_BUILD=1 \
  -Mdist/default/production/LAB_3_1.X.production.map -E1 -ver=XC8 Compiler \
  --acfsm=1493 -ASTACK=0110h-016Fh -pstack=STACK -ACODE=00h-07FFhx4 \
  -ASTRCODE=00h-01FFFh -ASTRING=00h-0FFhx32 -ACONST=00h-0FFhx32 \
  -AENTRY=00h-0FFhx32 -ACOMMON=070h-07Fh -ABANK0=020h-06Fh \
  -ABANK1=0A0h-0EFh -ABANK2=0110h-016Fh -ABANK3=0190h-01EFh \
  -ARAM=020h-06Fh,0A0h-0EFh,0110h-016Fh,0190h-01EFh \
  -AABS1=020h-07Fh,0A0h-0EFh,0110h-016Fh,0190h-01EFh -ASFR0=00h-01Fh \
  -ASFR1=080h-09Fh -ASFR2=0100h-010Fh -ASFR3=0180h-018Fh \
  -ACONFIG=02007h-02008h -DCONFIG=2 -AIDLOC=02000h-02003h -DIDLOC=2 \
  -AEEDATA=00h-0FFh/02100h -peeprom_data=EEDATA -DEEDATA=2 -DCODE=2 \
  -DSTRCODE=2 -DSTRING=2 -DCONST=2 -DENTRY=2 \
  -preset_vec=00h,intentry=04h,init,end_init -ppowerup=CODE -pcinit=CODE \
  -pfunctab=ENTRY -k C:\Users\raula\AppData\Local\Temp\s2bo.o \
  dist/default/production\LAB_3_1.X.production.o 

Object code version is 3.11

Machine type is 16F887



                Name                               Link     Load   Length Selector   Space Scale
C:\Users\raula\AppData\Local\Temp\s2bo.o
                end_init                              C        C        3        8       0
                reset_vec                             0        0        3        0       0
                config                             2007     2007        2        0       4
dist/default/production\LAB_3_1.X.production.o
                cinit                                 F        F       10        8       0
                intentry                              4        4        8        8       0
                config                             2007     2007        2        0       4
                text23                              6A7      6A7        D      B26       0
                text22                              609      609       25      B26       0
                text21                              665      665       13      B26       0
                text20                              69A      69A        D      B26       0
                text19                              52B      52B       36        8       0
                text18                              68A      68A       10      B26       0
                text17                              5E4      5E4       25      B26       0
                text16                              678      678       12      B26       0
                text15                              6C6      6C6        6      B26       0
                text14                              64A      64A       1B      B26       0
                text13                              390      390       69        8       0
                text12                              3F9      3F9       5B        8       0
                text11                              6B4      6B4        A      B26       0
                text10                              4E7      4E7       44        8       0
                text9                               286      286       8A        8       0
                text8                               4A3      4A3       44        8       0
                text7                               454      454       4F        8       0
                text6                               1F7      1F7       8F        8       0
                text5                               5BE      5BE       26      B26       0
                text4                               593      593       2B      B26       0
                text3                               13B      13B       BC        8       0
                text2                               62E      62E       1C      B26       0
                text1                                1F       1F      11C        8       0
                maintext                            310      310       80        8       0
                cstackBANK0                          20       20       1F       20       1
                cstackCOMMON                         70       70        8       70       1
                clrtext                             6BE      6BE        8      B26       0
                bssBANK0                             3F       3F       1B       20       1
                bssCOMMON                            78       78        3       70       1
                strings                             561      561       32      AC2       0

TOTAL           Name                               Link     Load   Length     Space
        CLASS   STACK          

        CLASS   CODE           
                end_init                              C        C        3         0
                cinit                                 F        F       10         0
                intentry                              4        4        8         0
                reset_vec                             0        0        3         0
                text23                              6A7      6A7        D         0
                text22                              609      609       25         0
                text21                              665      665       13         0
                text20                              69A      69A        D         0
                text19                              52B      52B       36         0
                text18                              68A      68A       10         0
                text17                              5E4      5E4       25         0
                text16                              678      678       12         0
                text15                              6C6      6C6        6         0
                text14                              64A      64A       1B         0
                text13                              390      390       69         0
                text12                              3F9      3F9       5B         0
                text11                              6B4      6B4        A         0
                text10                              4E7      4E7       44         0
                text9                               286      286       8A         0
                text8                               4A3      4A3       44         0
                text7                               454      454       4F         0
                text6                               1F7      1F7       8F         0
                text5                               5BE      5BE       26         0
                text4                               593      593       2B         0
                text3                               13B      13B       BC         0
                text2                               62E      62E       1C         0
                text1                                1F       1F      11C         0
                maintext                            310      310       80         0
                clrtext                             6BE      6BE        8         0

        CLASS   STRCODE        

        CLASS   STRING         
                strings                             561      561       32         0

        CLASS   CONST          

        CLASS   ENTRY          

        CLASS   COMMON         
                cstackCOMMON                         70       70        8         1
                bssCOMMON                            78       78        3         1

        CLASS   BANK0          
                cstackBANK0                          20       20       1F         1
                bssBANK0                             3F       3F       1B         1

        CLASS   BANK1          

        CLASS   BANK2          

        CLASS   BANK3          

        CLASS   RAM            

        CLASS   ABS1           
                abs_s1                               7E       7E        2         1

        CLASS   SFR0           

        CLASS   SFR1           

        CLASS   SFR2           

        CLASS   SFR3           

        CLASS   CONFIG         
                config                             2007     2007        2         4

        CLASS   IDLOC          

        CLASS   EEDATA         



SEGMENTS        Name                           Load    Length   Top    Selector   Space  Class     Delta

                reset_vec                      000000  000003  000003         0       0  CODE        2
                intentry                       000004  00055D  000561         8       0  CODE        2
                cstackBANK0                    000020  00003A  00005A        20       1  BANK0       1
                cstackCOMMON                   000070  00000B  00007B        70       1  COMMON      1
                strings                        000561  000032  000593       AC2       0  STRING      2
                text4                          000593  000139  0006CC       B26       0  CODE        2


UNUSED ADDRESS RANGES

        Name                Unused          Largest block    Delta
        BANK0            005A-006F             16           1
        BANK1            00A0-00EF             50           1
        BANK2            0110-016F             60           1
        BANK3            0190-01EF             60           1
        CODE             0003-0003              1           2
                         06CC-1FFF            800
        COMMON           007B-007D              3           1
        CONST            0003-0003              1           2
                         06CC-1FFF            100
        EEDATA           2100-21FF            100           2
        ENTRY            0003-0003              1           2
                         06CC-1FFF            100
        IDLOC            2000-2003              4           2
        RAM              005A-006F             16           1
                         00A0-00EF             50
                         0110-016F             60
                         0190-01EF             60
        SFR0             0000-001F             20           1
        SFR1             0080-009F             20           1
        SFR2             0100-010F             10           1
        SFR3             0180-018F             10           1
        STACK            0110-016F             60           1
        STRCODE          0003-0003              1           2
                         06CC-1FFF           1934
        STRING           0003-0003              1           2
                         06CC-1FFF            100

                                  Symbol Table

?___awdiv                  cstackBANK0  0022
?___awmod                  cstackCOMMON 0073
?___wmul                   cstackCOMMON 0073
?___xxtofl                 cstackBANK0  002A
Lcd_Cmd@a                  cstackCOMMON 0075
Lcd_Set_Cursor@a           cstackBANK0  0020
Lcd_Set_Cursor@b           cstackCOMMON 0076
Lcd_Set_Cursor@temp        cstackBANK0  0021
Lcd_Write_Char@a           cstackCOMMON 0074
Lcd_Write_String@a         cstackCOMMON 0077
Lcd_Write_String@i         cstackCOMMON 0075
_ADCON0bits                (abs)        001F
_ADCON1bits                (abs)        009F
_ADRESH                    (abs)        001E
_ANSEL                     (abs)        0188
_ANSELH                    (abs)        0189
_ANSELbits                 (abs)        0188
_CREN                      (abs)        00C4
_Conversion1               text9        0286
_Conversion2               text6        01F7
_INTCONbits                (abs)        000B
_ISR                       text22       0609
_Lcd_Clear                 text20       069A
_Lcd_Cmd                   text21       0665
_Lcd_Init                  text19       052B
_Lcd_Set_Cursor            text5        05BE
_Lcd_Write_Char            text18       068A
_Lcd_Write_String          text17       05E4
_PIE1bits                  (abs)        008C
_PIR1bits                  (abs)        000C
_PORTB                     (abs)        0006
_PORTDbits                 (abs)        0008
_RCREG                     (abs)        001A
_RCSTAbits                 (abs)        0018
_SPBRG                     (abs)        0099
_TRISA                     (abs)        0085
_TRISB                     (abs)        0086
_TRISD                     (abs)        0088
_TXREG                     (abs)        0019
_TXSTAbits                 (abs)        0098
_USART_config              text15       06C6
_USART_lib_config          text16       0678
__Habs1                    abs1         0000
__Hbank0                   bank0        0000
__Hbank1                   bank1        0000
__Hbank2                   bank2        0000
__Hbank3                   bank3        0000
__HbssBANK0                bssBANK0     0000
__HbssCOMMON               bssCOMMON    0000
__Hcinit                   cinit        001F
__Hclrtext                 clrtext      0000
__Hcode                    code         0000
__Hcommon                  common       0000
__Hconfig                  config       2009
__HcstackBANK0             cstackBANK0  0000
__HcstackCOMMON            cstackCOMMON 0000
__Heeprom_data             eeprom_data  0000
__Hend_init                end_init     000F
__Hfunctab                 functab      0000
__Hinit                    init         000C
__Hintentry                intentry     000C
__Hmaintext                maintext     0000
__Hpowerup                 powerup      0000
__Hram                     ram          0000
__Hreset_vec               reset_vec    0003
__Hsfr0                    sfr0         0000
__Hsfr1                    sfr1         0000
__Hsfr2                    sfr2         0000
__Hsfr3                    sfr3         0000
__Hspace_0                 (abs)        06CC
__Hspace_1                 (abs)        007B
__Hspace_2                 (abs)        0000
__Hspace_3                 (abs)        0000
__Hspace_4                 (abs)        4010
__Hstack                   stack        0000
__Hstrings                 strings      0000
__Htext                    text         0000
__Labs1                    abs1         0000
__Lbank0                   bank0        0000
__Lbank1                   bank1        0000
__Lbank2                   bank2        0000
__Lbank3                   bank3        0000
__LbssBANK0                bssBANK0     0000
__LbssCOMMON               bssCOMMON    0000
__Lcinit                   cinit        000F
__Lclrtext                 clrtext      0000
__Lcode                    code         0000
__Lcommon                  common       0000
__Lconfig                  config       0000
__LcstackBANK0             cstackBANK0  0000
__LcstackCOMMON            cstackCOMMON 0000
__Leeprom_data             eeprom_data  0000
__Lend_init                end_init     000C
__Lfunctab                 functab      0000
__Linit                    init         000C
__Lintentry                intentry     0004
__Lmaintext                maintext     0000
__Lpowerup                 powerup      0000
__Lram                     ram          0000
__Lreset_vec               reset_vec    0000
__Lsfr0                    sfr0         0000
__Lsfr1                    sfr1         0000
__Lsfr2                    sfr2         0000
__Lsfr3                    sfr3         0000
__Lspace_0                 (abs)        0000
__Lspace_1                 (abs)        0000
__Lspace_2                 (abs)        0000
__Lspace_3                 (abs)        0000
__Lspace_4                 (abs)        0000
__Lstack                   stack        0000
__Lstrings                 strings      0000
__Ltext                    text         0000
__S0                       (abs)        06CC
__S1                       (abs)        007B
__S2                       (abs)        0000
__S3                       (abs)        0000
___awdiv                   text13       0390
___awdiv@counter           cstackBANK0  0026
___awdiv@dividend          cstackBANK0  0024
___awdiv@divisor           cstackBANK0  0022
___awdiv@quotient          cstackBANK0  0028
___awdiv@sign              cstackBANK0  0027
___awmod                   text12       03F9
___awmod@counter           cstackBANK0  0020
___awmod@dividend          cstackCOMMON 0075
___awmod@divisor           cstackCOMMON 0073
___awmod@sign              cstackBANK0  0021
___int_sp                  stack        0000
___latbits                 (abs)        0002
___sp                      stack        0000
___stackhi                 (abs)        0000
___stacklo                 (abs)        0000
___wmul                    text4        0593
___wmul@multiplicand       cstackCOMMON 0075
___wmul@multiplier         cstackCOMMON 0073
___wmul@product            cstackBANK0  0020
___xxtofl                  text3        013B
___xxtofl@arg              cstackBANK0  0034
___xxtofl@exp              cstackBANK0  0033
___xxtofl@sign             cstackBANK0  0032
___xxtofl@val              cstackBANK0  002A
__end_of_Conversion1       text9        0310
__end_of_Conversion2       text6        0286
__end_of_ISR               text22       062E
__end_of_Lcd_Clear         text20       06A7
__end_of_Lcd_Cmd           text21       0678
__end_of_Lcd_Init          text19       0561
__end_of_Lcd_Set_Cursor    text5        05E4
__end_of_Lcd_Write_Char    text18       069A
__end_of_Lcd_Write_String  text17       0609
__end_of_USART_config      text15       06CC
__end_of_USART_lib_config  text16       068A
__end_of___awdiv           text13       03F9
__end_of___awmod           text12       0454
__end_of___wmul            text4        05BE
__end_of___xxtofl          text3        01F7
__end_of__initialization   cinit        001B
__end_of__stringtab        strings      0567
__end_of_config            text14       0665
__end_of_contador_lcd      text2        064A
__end_of_conversion        text1        013B
__end_of_dato_char         text11       06BE
__end_of_display1          text10       052B
__end_of_display2          text8        04E7
__end_of_display3          text7        04A3
__end_of_main              maintext     0390
__end_of_revisa_char       text23       06B4
__initialization           cinit        000F
__pbssBANK0                bssBANK0     003F
__pbssCOMMON               bssCOMMON    0078
__pcstackBANK0             cstackBANK0  0020
__pcstackCOMMON            cstackCOMMON 0070
__pintentry                intentry     0004
__pmaintext                maintext     0310
__pstrings                 strings      0561
__ptext1                   text1        001F
__ptext10                  text10       04E7
__ptext11                  text11       06B4
__ptext12                  text12       03F9
__ptext13                  text13       0390
__ptext14                  text14       064A
__ptext15                  text15       06C6
__ptext16                  text16       0678
__ptext17                  text17       05E4
__ptext18                  text18       068A
__ptext19                  text19       052B
__ptext2                   text2        062E
__ptext20                  text20       069A
__ptext21                  text21       0665
__ptext22                  text22       0609
__ptext23                  text23       06A7
__ptext3                   text3        013B
__ptext4                   text4        0593
__ptext5                   text5        05BE
__ptext6                   text6        01F7
__ptext7                   text7        0454
__ptext8                   text8        04A3
__ptext9                   text9        0286
__size_of_Conversion1      (abs)        0000
__size_of_Conversion2      (abs)        0000
__size_of_ISR              (abs)        0000
__size_of_Lcd_Clear        (abs)        0000
__size_of_Lcd_Cmd          (abs)        0000
__size_of_Lcd_Init         (abs)        0000
__size_of_Lcd_Set_Cursor   (abs)        0000
__size_of_Lcd_Write_Char   (abs)        0000
__size_of_Lcd_Write_String (abs)        0000
__size_of_USART_config     (abs)        0000
__size_of_USART_lib_config (abs)        0000
__size_of___awdiv          (abs)        0000
__size_of___awmod          (abs)        0000
__size_of___wmul           (abs)        0000
__size_of___xxtofl         (abs)        0000
__size_of_config           (abs)        0000
__size_of_contador_lcd     (abs)        0000
__size_of_conversion       (abs)        0000
__size_of_dato_char        (abs)        0000
__size_of_display1         (abs)        0000
__size_of_display2         (abs)        0000
__size_of_display3         (abs)        0000
__size_of_main             (abs)        0000
__size_of_revisa_char      (abs)        0000
__stringbase               strings      0566
__stringtab                strings      0561
_b                         bssBANK0     0058
_c                         bssBANK0     0059
_centena1b                 bssBANK0     0052
_centena1c                 bssBANK0     0056
_centena2b                 bssBANK0     0050
_centena2c                 bssBANK0     0054
_config                    text14       064A
_contador                  bssBANK0     004C
_contador_lcd              text2        062E
_conversion                text1        001F
_dato_char                 text11       06B4
_decima1b                  bssBANK0     0053
_decima1c                  bssCOMMON    0079
_decima2b                  bssBANK0     0051
_decima2c                  bssBANK0     0055
_display1                  text10       04E7
_display2                  text8        04A3
_display3                  text7        0454
_enterob                   bssCOMMON    0078
_enteroc                   bssCOMMON    007A
_main                      maintext     0310
_revisa                    bssBANK0     004B
_revisa_char               text23       06A7
_vpot1                     bssBANK0     0043
_vpot2                     bssBANK0     003F
_w1                        bssBANK0     0049
_w2                        bssBANK0     0048
btemp                      (abs)        007E
clear_ram0                 clrtext      06BE
conversion@puertoANL       cstackBANK0  003B
dato_char@valor            cstackCOMMON 0073
end_of_initialization      cinit        001B
interrupt_function         intentry     0004
intlevel0                  functab      0000
intlevel1                  functab      0000
intlevel2                  functab      0000
intlevel3                  functab      0000
intlevel4                  functab      0000
intlevel5                  functab      0000
reset_vec                  reset_vec    0000
saved_w                    (abs)        007E
start                      init         000C
start_initialization       cinit        000F
wtemp0                     (abs)        007E


FUNCTION INFORMATION:

 *************** function _main *****************
 Defined at:
		line 79 in file "lab3.c"
 Parameters:    Size  Location     Type
		None
 Auto vars:     Size  Location     Type
		None
 Return value:  Size  Location     Type
                  1    wreg      void 
 Registers used:
		wreg, fsr0l, fsr0h, status,2, status,0, pclath, cstack
 Tracked objects:
		On entry : 
		On exit  : 
		Unchanged: 
 Data sizes:     COMMON   BANK0   BANK1   BANK3   BANK2
      Params:         0       0       0       0       0
      Locals:         0       0       0       0       0
      Temps:          0       3       0       0       0
      Totals:         0       3       0       0       0
Total ram usage:        3 bytes
 Hardware stack levels required when called:    6
 This function calls:
		_Lcd_Clear
		_Lcd_Init
		_Lcd_Set_Cursor
		_Lcd_Write_String
		_USART_config
		_config
		_conversion
 This function is called by:
		Startup code after reset
 This function uses a non-reentrant model


 *************** function _conversion *****************
 Defined at:
		line 128 in file "lab3.c"
 Parameters:    Size  Location     Type
  puertoANL       1    wreg     unsigned char 
 Auto vars:     Size  Location     Type
  puertoANL       1   27[BANK0 ] unsigned char 
 Return value:  Size  Location     Type
                  1    wreg      void 
 Registers used:
		wreg, status,2, status,0, pclath, cstack
 Tracked objects:
		On entry : 
		On exit  : 
		Unchanged: 
 Data sizes:     COMMON   BANK0   BANK1   BANK3   BANK2
      Params:         0       0       0       0       0
      Locals:         0       1       0       0       0
      Temps:          0       3       0       0       0
      Totals:         0       4       0       0       0
Total ram usage:        4 bytes
 Hardware stack levels used:    1
 Hardware stack levels required when called:    5
 This function calls:
		_Conversion1
		_Conversion2
		_Lcd_Set_Cursor
		_Lcd_Write_Char
		___awdiv
		___awmod
		___wmul
		___xxtofl
		_contador_lcd
 This function is called by:
		_main
 This function uses a non-reentrant model


 *************** function _contador_lcd *****************
 Defined at:
		line 255 in file "lab3.c"
 Parameters:    Size  Location     Type
		None
 Auto vars:     Size  Location     Type
		None
 Return value:  Size  Location     Type
                  1    wreg      void 
 Registers used:
		wreg, status,2, status,0
 Tracked objects:
		On entry : 
		On exit  : 
		Unchanged: 
 Data sizes:     COMMON   BANK0   BANK1   BANK3   BANK2
      Params:         0       0       0       0       0
      Locals:         0       0       0       0       0
      Temps:          1       0       0       0       0
      Totals:         1       0       0       0       0
Total ram usage:        1 bytes
 Hardware stack levels used:    1
 Hardware stack levels required when called:    2
 This function calls:
		Nothing
 This function is called by:
		_conversion
 This function uses a non-reentrant model


 *************** function ___xxtofl *****************
 Defined at:
		line 10 in file "C:\Program Files\Microchip\xc8\v2.31\pic\sources\c90\common\xxtofl.c"
 Parameters:    Size  Location     Type
  sign            1    wreg     unsigned char 
  val             4   10[BANK0 ] long 
 Auto vars:     Size  Location     Type
  sign            1   18[BANK0 ] unsigned char 
  arg             4   20[BANK0 ] unsigned long 
  exp             1   19[BANK0 ] unsigned char 
 Return value:  Size  Location     Type
                  4   10[BANK0 ] unsigned char 
 Registers used:
		wreg, status,2, status,0
 Tracked objects:
		On entry : 
		On exit  : 
		Unchanged: 
 Data sizes:     COMMON   BANK0   BANK1   BANK3   BANK2
      Params:         0       4       0       0       0
      Locals:         0       6       0       0       0
      Temps:          0       4       0       0       0
      Totals:         0      14       0       0       0
Total ram usage:       14 bytes
 Hardware stack levels used:    1
 Hardware stack levels required when called:    2
 This function calls:
		Nothing
 This function is called by:
		_conversion
 This function uses a non-reentrant model


 *************** function ___wmul *****************
 Defined at:
		line 15 in file "C:\Program Files\Microchip\xc8\v2.31\pic\sources\c90\common\Umul16.c"
 Parameters:    Size  Location     Type
  multiplier      2    3[COMMON] unsigned int 
  multiplicand    2    5[COMMON] unsigned int 
 Auto vars:     Size  Location     Type
  product         2    0[BANK0 ] unsigned int 
 Return value:  Size  Location     Type
                  2    3[COMMON] unsigned int 
 Registers used:
		wreg, status,2, status,0
 Tracked objects:
		On entry : 
		On exit  : 
		Unchanged: 
 Data sizes:     COMMON   BANK0   BANK1   BANK3   BANK2
      Params:         4       0       0       0       0
      Locals:         0       2       0       0       0
      Temps:          0       0       0       0       0
      Totals:         4       2       0       0       0
Total ram usage:        6 bytes
 Hardware stack levels used:    1
 Hardware stack levels required when called:    2
 This function calls:
		Nothing
 This function is called by:
		_conversion
 This function uses a non-reentrant model


 *************** function _Lcd_Set_Cursor *****************
 Defined at:
		line 78 in file "./Libreria2.h"
 Parameters:    Size  Location     Type
  a               1    wreg     unsigned char 
  b               1    6[COMMON] unsigned char 
 Auto vars:     Size  Location     Type
  a               1    0[BANK0 ] unsigned char 
  temp            1    1[BANK0 ] unsigned char 
  y               1    0        unsigned char 
  z               1    0        unsigned char 
 Return value:  Size  Location     Type
                  1    wreg      void 
 Registers used:
		wreg, status,2, status,0, pclath, cstack
 Tracked objects:
		On entry : 
		On exit  : 
		Unchanged: 
 Data sizes:     COMMON   BANK0   BANK1   BANK3   BANK2
      Params:         1       0       0       0       0
      Locals:         0       2       0       0       0
      Temps:          1       0       0       0       0
      Totals:         2       2       0       0       0
Total ram usage:        4 bytes
 Hardware stack levels used:    1
 Hardware stack levels required when called:    3
 This function calls:
		_Lcd_Cmd
 This function is called by:
		_main
		_conversion
 This function uses a non-reentrant model


 *************** function _Conversion2 *****************
 Defined at:
		line 179 in file "lab3.c"
 Parameters:    Size  Location     Type
		None
 Auto vars:     Size  Location     Type
		None
 Return value:  Size  Location     Type
                  1    wreg      void 
 Registers used:
		wreg, status,2, status,0, pclath, cstack
 Tracked objects:
		On entry : 
		On exit  : 
		Unchanged: 
 Data sizes:     COMMON   BANK0   BANK1   BANK3   BANK2
      Params:         0       0       0       0       0
      Locals:         0       0       0       0       0
      Temps:          0       3       0       0       0
      Totals:         0       3       0       0       0
Total ram usage:        3 bytes
 Hardware stack levels used:    1
 Hardware stack levels required when called:    4
 This function calls:
		_Lcd_Write_Char
		___awdiv
		___awmod
		_display2
		_display3
 This function is called by:
		_conversion
 This function uses a non-reentrant model


 *************** function _display3 *****************
 Defined at:
		line 231 in file "lab3.c"
 Parameters:    Size  Location     Type
		None
 Auto vars:     Size  Location     Type
		None
 Return value:  Size  Location     Type
                  1    wreg      void 
 Registers used:
		wreg, status,2, status,0, pclath, cstack
 Tracked objects:
		On entry : 
		On exit  : 
		Unchanged: 
 Data sizes:     COMMON   BANK0   BANK1   BANK3   BANK2
      Params:         0       0       0       0       0
      Locals:         0       0       0       0       0
      Temps:          0       0       0       0       0
      Totals:         0       0       0       0       0
Total ram usage:        0 bytes
 Hardware stack levels used:    1
 Hardware stack levels required when called:    3
 This function calls:
		_dato_char
 This function is called by:
		_Conversion2
 This function uses a non-reentrant model


 *************** function _display2 *****************
 Defined at:
		line 213 in file "lab3.c"
 Parameters:    Size  Location     Type
		None
 Auto vars:     Size  Location     Type
		None
 Return value:  Size  Location     Type
                  1    wreg      void 
 Registers used:
		wreg, status,2, status,0, pclath, cstack
 Tracked objects:
		On entry : 
		On exit  : 
		Unchanged: 
 Data sizes:     COMMON   BANK0   BANK1   BANK3   BANK2
      Params:         0       0       0       0       0
      Locals:         0       0       0       0       0
      Temps:          0       0       0       0       0
      Totals:         0       0       0       0       0
Total ram usage:        0 bytes
 Hardware stack levels used:    1
 Hardware stack levels required when called:    3
 This function calls:
		_dato_char
 This function is called by:
		_Conversion2
 This function uses a non-reentrant model


 *************** function _Conversion1 *****************
 Defined at:
		line 164 in file "lab3.c"
 Parameters:    Size  Location     Type
		None
 Auto vars:     Size  Location     Type
		None
 Return value:  Size  Location     Type
                  1    wreg      void 
 Registers used:
		wreg, status,2, status,0, pclath, cstack
 Tracked objects:
		On entry : 
		On exit  : 
		Unchanged: 
 Data sizes:     COMMON   BANK0   BANK1   BANK3   BANK2
      Params:         0       0       0       0       0
      Locals:         0       0       0       0       0
      Temps:          0       3       0       0       0
      Totals:         0       3       0       0       0
Total ram usage:        3 bytes
 Hardware stack levels used:    1
 Hardware stack levels required when called:    4
 This function calls:
		_Lcd_Write_Char
		___awdiv
		___awmod
		_display1
 This function is called by:
		_conversion
 This function uses a non-reentrant model


 *************** function _display1 *****************
 Defined at:
		line 196 in file "lab3.c"
 Parameters:    Size  Location     Type
		None
 Auto vars:     Size  Location     Type
		None
 Return value:  Size  Location     Type
                  1    wreg      void 
 Registers used:
		wreg, status,2, status,0, pclath, cstack
 Tracked objects:
		On entry : 
		On exit  : 
		Unchanged: 
 Data sizes:     COMMON   BANK0   BANK1   BANK3   BANK2
      Params:         0       0       0       0       0
      Locals:         0       0       0       0       0
      Temps:          0       0       0       0       0
      Totals:         0       0       0       0       0
Total ram usage:        0 bytes
 Hardware stack levels used:    1
 Hardware stack levels required when called:    3
 This function calls:
		_dato_char
 This function is called by:
		_Conversion1
 This function uses a non-reentrant model


 *************** function _dato_char *****************
 Defined at:
		line 104 in file "lab3.c"
 Parameters:    Size  Location     Type
  valor           1    wreg     unsigned char 
 Auto vars:     Size  Location     Type
  valor           1    3[COMMON] unsigned char 
 Return value:  Size  Location     Type
                  1    wreg      void 
 Registers used:
		wreg
 Tracked objects:
		On entry : 
		On exit  : 
		Unchanged: 
 Data sizes:     COMMON   BANK0   BANK1   BANK3   BANK2
      Params:         0       0       0       0       0
      Locals:         1       0       0       0       0
      Temps:          0       0       0       0       0
      Totals:         1       0       0       0       0
Total ram usage:        1 bytes
 Hardware stack levels used:    1
 Hardware stack levels required when called:    2
 This function calls:
		Nothing
 This function is called by:
		_display1
		_display2
		_display3
 This function uses a non-reentrant model


 *************** function ___awmod *****************
 Defined at:
		line 5 in file "C:\Program Files\Microchip\xc8\v2.31\pic\sources\c90\common\awmod.c"
 Parameters:    Size  Location     Type
  divisor         2    3[COMMON] int 
  dividend        2    5[COMMON] int 
 Auto vars:     Size  Location     Type
  sign            1    1[BANK0 ] unsigned char 
  counter         1    0[BANK0 ] unsigned char 
 Return value:  Size  Location     Type
                  2    3[COMMON] int 
 Registers used:
		wreg, status,2, status,0
 Tracked objects:
		On entry : 
		On exit  : 
		Unchanged: 
 Data sizes:     COMMON   BANK0   BANK1   BANK3   BANK2
      Params:         4       0       0       0       0
      Locals:         0       2       0       0       0
      Temps:          1       0       0       0       0
      Totals:         5       2       0       0       0
Total ram usage:        7 bytes
 Hardware stack levels used:    1
 Hardware stack levels required when called:    2
 This function calls:
		Nothing
 This function is called by:
		_conversion
		_Conversion1
		_Conversion2
 This function uses a non-reentrant model


 *************** function ___awdiv *****************
 Defined at:
		line 5 in file "C:\Program Files\Microchip\xc8\v2.31\pic\sources\c90\common\awdiv.c"
 Parameters:    Size  Location     Type
  divisor         2    2[BANK0 ] int 
  dividend        2    4[BANK0 ] int 
 Auto vars:     Size  Location     Type
  quotient        2    8[BANK0 ] int 
  sign            1    7[BANK0 ] unsigned char 
  counter         1    6[BANK0 ] unsigned char 
 Return value:  Size  Location     Type
                  2    2[BANK0 ] int 
 Registers used:
		wreg, status,2, status,0
 Tracked objects:
		On entry : 
		On exit  : 
		Unchanged: 
 Data sizes:     COMMON   BANK0   BANK1   BANK3   BANK2
      Params:         0       4       0       0       0
      Locals:         0       4       0       0       0
      Temps:          1       0       0       0       0
      Totals:         1       8       0       0       0
Total ram usage:        9 bytes
 Hardware stack levels used:    1
 Hardware stack levels required when called:    2
 This function calls:
		Nothing
 This function is called by:
		_conversion
		_Conversion1
		_Conversion2
 This function uses a non-reentrant model


 *************** function _config *****************
 Defined at:
		line 39 in file "./Libreria2.h"
 Parameters:    Size  Location     Type
		None
 Auto vars:     Size  Location     Type
		None
 Return value:  Size  Location     Type
                  1    wreg      void 
 Registers used:
		wreg, status,2
 Tracked objects:
		On entry : 
		On exit  : 
		Unchanged: 
 Data sizes:     COMMON   BANK0   BANK1   BANK3   BANK2
      Params:         0       0       0       0       0
      Locals:         0       0       0       0       0
      Temps:          0       0       0       0       0
      Totals:         0       0       0       0       0
Total ram usage:        0 bytes
 Hardware stack levels used:    1
 Hardware stack levels required when called:    2
 This function calls:
		Nothing
 This function is called by:
		_main
 This function uses a non-reentrant model


 *************** function _USART_config *****************
 Defined at:
		line 121 in file "lab3.c"
 Parameters:    Size  Location     Type
		None
 Auto vars:     Size  Location     Type
		None
 Return value:  Size  Location     Type
                  1    wreg      void 
 Registers used:
		wreg, status,2, status,0, pclath, cstack
 Tracked objects:
		On entry : 
		On exit  : 
		Unchanged: 
 Data sizes:     COMMON   BANK0   BANK1   BANK3   BANK2
      Params:         0       0       0       0       0
      Locals:         0       0       0       0       0
      Temps:          0       0       0       0       0
      Totals:         0       0       0       0       0
Total ram usage:        0 bytes
 Hardware stack levels used:    1
 Hardware stack levels required when called:    3
 This function calls:
		_USART_lib_config
 This function is called by:
		_main
 This function uses a non-reentrant model


 *************** function _USART_lib_config *****************
 Defined at:
		line 18 in file "./USART.h"
 Parameters:    Size  Location     Type
		None
 Auto vars:     Size  Location     Type
		None
 Return value:  Size  Location     Type
                  1    wreg      void 
 Registers used:
		wreg
 Tracked objects:
		On entry : 
		On exit  : 
		Unchanged: 
 Data sizes:     COMMON   BANK0   BANK1   BANK3   BANK2
      Params:         0       0       0       0       0
      Locals:         0       0       0       0       0
      Temps:          0       0       0       0       0
      Totals:         0       0       0       0       0
Total ram usage:        0 bytes
 Hardware stack levels used:    1
 Hardware stack levels required when called:    2
 This function calls:
		Nothing
 This function is called by:
		_USART_config
 This function uses a non-reentrant model


 *************** function _Lcd_Write_String *****************
 Defined at:
		line 107 in file "./Libreria2.h"
 Parameters:    Size  Location     Type
  a               1    wreg     PTR unsigned char 
		 -> STR_5(9), STR_4(6), STR_3(6), STR_2(13), 
		 -> STR_1(10), 
 Auto vars:     Size  Location     Type
  a               1    7[COMMON] PTR unsigned char 
		 -> STR_5(9), STR_4(6), STR_3(6), STR_2(13), 
		 -> STR_1(10), 
  i               2    5[COMMON] int 
 Return value:  Size  Location     Type
                  1    wreg      void 
 Registers used:
		wreg, fsr0l, fsr0h, status,2, status,0, pclath, cstack
 Tracked objects:
		On entry : 
		On exit  : 
		Unchanged: 
 Data sizes:     COMMON   BANK0   BANK1   BANK3   BANK2
      Params:         0       0       0       0       0
      Locals:         3       0       0       0       0
      Temps:          0       0       0       0       0
      Totals:         3       0       0       0       0
Total ram usage:        3 bytes
 Hardware stack levels used:    1
 Hardware stack levels required when called:    3
 This function calls:
		_Lcd_Write_Char
 This function is called by:
		_main
 This function uses a non-reentrant model


 *************** function _Lcd_Write_Char *****************
 Defined at:
		line 99 in file "./Libreria2.h"
 Parameters:    Size  Location     Type
  a               1    wreg     unsigned char 
 Auto vars:     Size  Location     Type
  a               1    4[COMMON] unsigned char 
 Return value:  Size  Location     Type
                  1    wreg      void 
 Registers used:
		wreg
 Tracked objects:
		On entry : 
		On exit  : 
		Unchanged: 
 Data sizes:     COMMON   BANK0   BANK1   BANK3   BANK2
      Params:         0       0       0       0       0
      Locals:         1       0       0       0       0
      Temps:          1       0       0       0       0
      Totals:         2       0       0       0       0
Total ram usage:        2 bytes
 Hardware stack levels used:    1
 Hardware stack levels required when called:    2
 This function calls:
		Nothing
 This function is called by:
		_Lcd_Write_String
		_conversion
		_Conversion1
		_Conversion2
 This function uses a non-reentrant model


 *************** function _Lcd_Init *****************
 Defined at:
		line 114 in file "./Libreria2.h"
 Parameters:    Size  Location     Type
		None
 Auto vars:     Size  Location     Type
		None
 Return value:  Size  Location     Type
                  1    wreg      void 
 Registers used:
		wreg, status,2, status,0, pclath, cstack
 Tracked objects:
		On entry : 
		On exit  : 
		Unchanged: 
 Data sizes:     COMMON   BANK0   BANK1   BANK3   BANK2
      Params:         0       0       0       0       0
      Locals:         0       0       0       0       0
      Temps:          2       0       0       0       0
      Totals:         2       0       0       0       0
Total ram usage:        2 bytes
 Hardware stack levels used:    1
 Hardware stack levels required when called:    3
 This function calls:
		_Lcd_Cmd
 This function is called by:
		_main
 This function uses a non-reentrant model


 *************** function _Lcd_Clear *****************
 Defined at:
		line 73 in file "./Libreria2.h"
 Parameters:    Size  Location     Type
		None
 Auto vars:     Size  Location     Type
		None
 Return value:  Size  Location     Type
                  2   80[None  ] int 
 Registers used:
		wreg, status,2, status,0, pclath, cstack
 Tracked objects:
		On entry : 
		On exit  : 
		Unchanged: 
 Data sizes:     COMMON   BANK0   BANK1   BANK3   BANK2
      Params:         0       0       0       0       0
      Locals:         0       0       0       0       0
      Temps:          0       0       0       0       0
      Totals:         0       0       0       0       0
Total ram usage:        0 bytes
 Hardware stack levels used:    1
 Hardware stack levels required when called:    3
 This function calls:
		_Lcd_Cmd
 This function is called by:
		_main
 This function uses a non-reentrant model


 *************** function _Lcd_Cmd *****************
 Defined at:
		line 64 in file "./Libreria2.h"
 Parameters:    Size  Location     Type
  a               1    wreg     unsigned char 
 Auto vars:     Size  Location     Type
  a               1    5[COMMON] unsigned char 
 Return value:  Size  Location     Type
                  1    wreg      void 
 Registers used:
		wreg
 Tracked objects:
		On entry : 
		On exit  : 
		Unchanged: 
 Data sizes:     COMMON   BANK0   BANK1   BANK3   BANK2
      Params:         0       0       0       0       0
      Locals:         1       0       0       0       0
      Temps:          2       0       0       0       0
      Totals:         3       0       0       0       0
Total ram usage:        3 bytes
 Hardware stack levels used:    1
 Hardware stack levels required when called:    2
 This function calls:
		Nothing
 This function is called by:
		_Lcd_Clear
		_Lcd_Set_Cursor
		_Lcd_Init
 This function uses a non-reentrant model


 *************** function _ISR *****************
 Defined at:
		line 63 in file "lab3.c"
 Parameters:    Size  Location     Type
		None
 Auto vars:     Size  Location     Type
		None
 Return value:  Size  Location     Type
                  1    wreg      void 
 Registers used:
		wreg, pclath, cstack
 Tracked objects:
		On entry : 
		On exit  : 
		Unchanged: 
 Data sizes:     COMMON   BANK0   BANK1   BANK3   BANK2
      Params:         0       0       0       0       0
      Locals:         0       0       0       0       0
      Temps:          3       0       0       0       0
      Totals:         3       0       0       0       0
Total ram usage:        3 bytes
 Hardware stack levels used:    1
 Hardware stack levels required when called:    1
 This function calls:
		_revisa_char
 This function is called by:
		Interrupt level 1
 This function uses a non-reentrant model


 *************** function _revisa_char *****************
 Defined at:
		line 110 in file "lab3.c"
 Parameters:    Size  Location     Type
		None
 Auto vars:     Size  Location     Type
		None
 Return value:  Size  Location     Type
                  1    wreg      unsigned char 
 Registers used:
		wreg
 Tracked objects:
		On entry : 
		On exit  : 
		Unchanged: 
 Data sizes:     COMMON   BANK0   BANK1   BANK3   BANK2
      Params:         0       0       0       0       0
      Locals:         0       0       0       0       0
      Temps:          0       0       0       0       0
      Totals:         0       0       0       0       0
Total ram usage:        0 bytes
 Hardware stack levels used:    1
 This function calls:
		Nothing
 This function is called by:
		_ISR
 This function uses a non-reentrant model



MODULE INFORMATION

Module		Function		Class		Link	Load	Size
C:\Program Files\Microchip\xc8\v2.31\pic\sources\c90\common\awmod.c
		___awmod       		CODE           	03F9	0000	91

C:\Program Files\Microchip\xc8\v2.31\pic\sources\c90\common\awmod.c estimated size: 91

C:\Program Files\Microchip\xc8\v2.31\pic\sources\c90\common\Umul16.c
		___wmul        		CODE           	0593	0000	43

C:\Program Files\Microchip\xc8\v2.31\pic\sources\c90\common\Umul16.c estimated size: 43

./Libreria2.h
		_Lcd_Write_String		CODE           	05E4	0000	37
		_Lcd_Init      		CODE           	052B	0000	54
		_Lcd_Write_Char		CODE           	068A	0000	16
		_Lcd_Cmd       		CODE           	0665	0000	19
		_config        		CODE           	064A	0000	27
		_Lcd_Set_Cursor		CODE           	05BE	0000	38
		_Lcd_Clear     		CODE           	069A	0000	13

./Libreria2.h estimated size: 204

./USART.h
		_USART_lib_config		CODE           	0678	0000	18

./USART.h estimated size: 18

C:\Program Files\Microchip\xc8\v2.31\pic\sources\c90\common\awdiv.c
		___awdiv       		CODE           	0390	0000	105

C:\Program Files\Microchip\xc8\v2.31\pic\sources\c90\common\awdiv.c estimated size: 105

shared
		__stringtab    		STRING         	0561	0000	6
		__initialization		CODE           	000F	0000	12

shared estimated size: 18

lab3.c
		_revisa_char   		CODE           	06A7	0000	13
		_conversion    		CODE           	001F	0000	284
		_ISR           		CODE           	0609	0000	37
		_display1      		CODE           	04E7	0000	68
		_display2      		CODE           	04A3	0000	68
		_display3      		CODE           	0454	0000	79
		_main          		CODE           	0310	0000	128
		_dato_char     		CODE           	06B4	0000	10
		_contador_lcd  		CODE           	062E	0000	28
		_Conversion1   		CODE           	0286	0000	138
		_Conversion2   		CODE           	01F7	0000	143
		_USART_config  		CODE           	06C6	0000	6

lab3.c estimated size: 1002

C:\Program Files\Microchip\xc8\v2.31\pic\sources\c90\common\xxtofl.c
		___xxtofl      		CODE           	013B	0000	188

C:\Program Files\Microchip\xc8\v2.31\pic\sources\c90\common\xxtofl.c estimated size: 188

