Microchip MPLAB XC8 Compiler V2.31

Linker command line:

-W-3 --edf=C:\Program Files\Microchip\xc8\v2.31\pic\dat\en_msgs.txt -cn \
  -h+dist/default/production\Mini_Proyect.X.production.sym \
  --cmf=dist/default/production\Mini_Proyect.X.production.cmf -z -Q16F887 \
  -oC:\Users\raula\AppData\Local\Temp\sh6k.2 --defsym=__MPLAB_BUILD=1 \
  -Mdist/default/production/Mini_Proyect.X.production.map -E1 \
  -ver=XC8 Compiler --acfsm=1493 -ASTACK=0110h-016Fh -pstack=STACK \
  -ACODE=00h-07FFhx4 -ASTRCODE=00h-01FFFh -ASTRING=00h-0FFhx32 \
  -ACONST=00h-0FFhx32 -AENTRY=00h-0FFhx32 -ACOMMON=070h-07Fh \
  -ABANK0=020h-06Fh -ABANK1=0A0h-0EFh -ABANK2=0110h-016Fh \
  -ABANK3=0190h-01EFh -ARAM=020h-06Fh,0A0h-0EFh,0110h-016Fh,0190h-01EFh \
  -AABS1=020h-07Fh,0A0h-0EFh,0110h-016Fh,0190h-01EFh -ASFR0=00h-01Fh \
  -ASFR1=080h-09Fh -ASFR2=0100h-010Fh -ASFR3=0180h-018Fh \
  -ACONFIG=02007h-02008h -DCONFIG=2 -AIDLOC=02000h-02003h -DIDLOC=2 \
  -AEEDATA=00h-0FFh/02100h -peeprom_data=EEDATA -DEEDATA=2 -DCODE=2 \
  -DSTRCODE=2 -DSTRING=2 -DCONST=2 -DENTRY=2 \
  -preset_vec=00h,intentry,init,end_init -ppowerup=CODE -pcinit=CODE \
  -pfunctab=ENTRY -k C:\Users\raula\AppData\Local\Temp\sh6k.o \
  dist/default/production\Mini_Proyect.X.production.o 

Object code version is 3.11

Machine type is 16F887



                Name                               Link     Load   Length Selector   Space Scale
C:\Users\raula\AppData\Local\Temp\sh6k.o
                end_init                              0        0        3        0       0
                config                             2007     2007        2        0       4
dist/default/production\Mini_Proyect.X.production.o
                cinit                               7F3      7F3        D      FE6       0
                config                             2007     2007        2        0       4
                text37                             18FE     18FE       13     31FC       0
                text36                             1945     1945       24     328A       0
                text35                             18EE     18EE       10     31DC       0
                text34                             1A4B     1A4B       42     3496       0
                text33                             1A8D     1A8D       4E     351A       0
                text32                             1D27     1D27       A2     3A4E       0
                text31                             18D6     18D6        B     31AC       0
                text30                             14C0     14C0      340     2980       0
                text29                             1ADB     1ADB       50     35B6       0
                text28                             1CAB     1CAB       7C     3956       0
                text27                             1BD8     1BD8       66     37B0       0
                text26                             1B2B     1B2B       54     3656       0
                text25                             1969     1969       25     32D2       0
                text24                             1DC9     1DC9       BC     3B92       0
                text23                             1F42     1F42       BE     3E84       0
                text22                             1E85     1E85       BD     3D0A       0
                text21                             19B4     19B4       27     3368       0
                text20                              C9F      C9F      361     193E       0
                text19                                B        B       44       16       0
                text18                             1A11     1A11       3A     3422       0
                text17                             12B5     12B5      20B     256A       0
                text16                             1000     1000       12     193E       0
                text15                              8D7      8D7       69     11AE       0
                text14                             1B7F     1B7F       59     36FE       0
                text13                              940      940      35F     1280       0
                text12                              19D      19D      656      33A       0
                text11                             198E     198E       26     331C       0
                text10                             18E1     18E1        D     31C2       0
                text9                              19DB     19DB       36     33B6       0
                text8                              1C3E     1C3E       6D     387C       0
                text7                              1911     1911       16     3222       0
                text6                              1927     1927       1E     324E       0
                text5                              18C6     18C6        7     318C       0
                text4                              18CD     18CD        9     319A       0
                text3                              18C0     18C0        6     3180       0
                text2                              10D8     10D8      1DD     21B0       0
                text1                              1012     1012       C6     2024       0
                maintext                             4F       4F      14E       9E       0
                cstackBANK0                          20       20       50       20       1
                cstackCOMMON                         70       70        E       70       1
                cstackBANK1                          A0       A0       38       A0       1
                clrtext                               3        3        8        0       0
                bssBANK1                             D8       D8       13       A0       1
                strings                             800      800       D4     1000       0

TOTAL           Name                               Link     Load   Length     Space
        CLASS   STACK          

        CLASS   CODE           
                end_init                              0        0        3         0
                cinit                               7F3      7F3        D         0
                text37                             18FE     18FE       13         0
                text36                             1945     1945       24         0
                text35                             18EE     18EE       10         0
                text34                             1A4B     1A4B       42         0
                text33                             1A8D     1A8D       4E         0
                text32                             1D27     1D27       A2         0
                text31                             18D6     18D6        B         0
                text30                             14C0     14C0      340         0
                text29                             1ADB     1ADB       50         0
                text28                             1CAB     1CAB       7C         0
                text27                             1BD8     1BD8       66         0
                text26                             1B2B     1B2B       54         0
                text25                             1969     1969       25         0
                text24                             1DC9     1DC9       BC         0
                text23                             1F42     1F42       BE         0
                text22                             1E85     1E85       BD         0
                text21                             19B4     19B4       27         0
                text20                              C9F      C9F      361         0
                text19                                B        B       44         0
                text18                             1A11     1A11       3A         0
                text17                             12B5     12B5      20B         0
                text16                             1000     1000       12         0
                text15                              8D7      8D7       69         0
                text14                             1B7F     1B7F       59         0
                text13                              940      940      35F         0
                text12                              19D      19D      656         0
                text11                             198E     198E       26         0
                text10                             18E1     18E1        D         0
                text9                              19DB     19DB       36         0
                text8                              1C3E     1C3E       6D         0
                text7                              1911     1911       16         0
                text6                              1927     1927       1E         0
                text5                              18C6     18C6        7         0
                text4                              18CD     18CD        9         0
                text3                              18C0     18C0        6         0
                text2                              10D8     10D8      1DD         0
                text1                              1012     1012       C6         0
                maintext                             4F       4F      14E         0
                clrtext                               3        3        8         0

        CLASS   STRCODE        

        CLASS   STRING         
                strings                             800      800       D4         0

        CLASS   CONST          

        CLASS   ENTRY          

        CLASS   COMMON         
                cstackCOMMON                         70       70        E         1

        CLASS   BANK0          
                cstackBANK0                          20       20       50         1

        CLASS   BANK1          
                cstackBANK1                          A0       A0       38         1
                bssBANK1                             D8       D8       13         1

        CLASS   BANK2          

        CLASS   BANK3          

        CLASS   RAM            

        CLASS   ABS1           
                abs_s1                               7E       7E        2         1

        CLASS   SFR0           

        CLASS   SFR1           

        CLASS   SFR2           

        CLASS   SFR3           

        CLASS   CONFIG         
                config                             2007     2007        2         4

        CLASS   IDLOC          

        CLASS   EEDATA         



SEGMENTS        Name                           Load    Length   Top    Selector   Space  Class     Delta

                reset_vec                      000000  00000B  00000B         0       0  CODE        2
                text19                         00000B  000044  00004F        16       0  CODE        2
                cstackBANK0                    000020  000050  000070        20       1  BANK0       1
                cstackCOMMON                   000070  00000E  00007E        70       1  COMMON      1
                maintext                       00004F  00014E  00019D        9E       0  CODE        2
                cstackBANK1                    0000A0  00004B  0000EB        A0       1  BANK1       1
                text12                         00019D  000656  0007F3       33A       0  CODE        2
                cinit                          0007F3  00000D  000800       FE6       0  CODE        2
                strings                        000800  0000D4  0008D4      1000       0  STRING      2
                text15                         0008D7  000069  000940      11AE       0  CODE        2
                text13                         000940  00035F  000C9F      1280       0  CODE        2
                text20                         000C9F  000373  001012      193E       0  CODE        2
                text1                          001012  0000C6  0010D8      2024       0  CODE        2
                text2                          0010D8  0001DD  0012B5      21B0       0  CODE        2
                text17                         0012B5  00020B  0014C0      256A       0  CODE        2
                text30                         0014C0  000340  001800      2980       0  CODE        2
                text3                          0018C0  000006  0018C6      3180       0  CODE        2
                text5                          0018C6  000007  0018CD      318C       0  CODE        2
                text4                          0018CD  000009  0018D6      319A       0  CODE        2
                text31                         0018D6  00000B  0018E1      31AC       0  CODE        2
                text10                         0018E1  00000D  0018EE      31C2       0  CODE        2
                text35                         0018EE  000010  0018FE      31DC       0  CODE        2
                text37                         0018FE  000013  001911      31FC       0  CODE        2
                text7                          001911  000016  001927      3222       0  CODE        2
                text6                          001927  00001E  001945      324E       0  CODE        2
                text36                         001945  000024  001969      328A       0  CODE        2
                text25                         001969  000025  00198E      32D2       0  CODE        2
                text11                         00198E  000026  0019B4      331C       0  CODE        2
                text21                         0019B4  000027  0019DB      3368       0  CODE        2
                text9                          0019DB  000036  001A11      33B6       0  CODE        2
                text18                         001A11  00003A  001A4B      3422       0  CODE        2
                text34                         001A4B  000042  001A8D      3496       0  CODE        2
                text33                         001A8D  00004E  001ADB      351A       0  CODE        2
                text29                         001ADB  000050  001B2B      35B6       0  CODE        2
                text26                         001B2B  000054  001B7F      3656       0  CODE        2
                text14                         001B7F  000059  001BD8      36FE       0  CODE        2
                text27                         001BD8  000066  001C3E      37B0       0  CODE        2
                text8                          001C3E  00006D  001CAB      387C       0  CODE        2
                text28                         001CAB  00007C  001D27      3956       0  CODE        2
                text32                         001D27  0000A2  001DC9      3A4E       0  CODE        2
                text24                         001DC9  0000BC  001E85      3B92       0  CODE        2
                text22                         001E85  0000BD  001F42      3D0A       0  CODE        2
                text23                         001F42  0000BE  002000      3E84       0  CODE        2


UNUSED ADDRESS RANGES

        Name                Unused          Largest block    Delta
        BANK1            00EB-00EF              5           1
        BANK2            0110-016F             60           1
        BANK3            0190-01EF             60           1
        CODE             08D4-08D6              3           2
                         1800-18BF             C0
        CONST            08D4-08D6              3           2
                         1800-18BF             C0
        EEDATA           2100-21FF            100           2
        ENTRY            08D4-08D6              3           2
                         1800-18BF             C0
        IDLOC            2000-2003              4           2
        RAM              00EB-00EF              5           1
                         0110-016F             60
                         0190-01EF             60
        SFR0             0000-001F             20           1
        SFR1             0080-009F             20           1
        SFR2             0100-010F             10           1
        SFR3             0180-018F             10           1
        STACK            0110-016F             60           1
        STRCODE          08D4-08D6              3           2
                         1800-18BF             C0
        STRING           08D4-08D6              3           2
                         1800-18BF             C0

                                  Symbol Table

?__Umul8_16                cstackCOMMON 0070
?___awdiv                  cstackCOMMON 0077
?___awmod                  cstackCOMMON 0070
?___fladd                  cstackBANK0  0060
?___fldiv                  cstackBANK0  004C
?___flmul                  cstackBANK0  0032
?___flneg                  cstackCOMMON 0070
?___flsub                  cstackBANK1  00A4
?___fltol                  cstackBANK0  005F
?___lldiv                  cstackCOMMON 0070
?___llmod                  cstackCOMMON 0070
?___lwdiv                  cstackCOMMON 0076
?___lwmod                  cstackCOMMON 0070
?___wmul                   cstackCOMMON 0070
?___xxtofl                 cstackBANK0  0024
?__div_to_l_               cstackCOMMON 0070
?__tdiv_to_l_              cstackCOMMON 0070
?_fround                   cstackBANK0  004C
?_scale                    cstackBANK0  004C
?_sprintf                  cstackBANK1  00AC
Lcd_Cmd@a                  cstackCOMMON 0072
Lcd_Set_Cursor@a           cstackCOMMON 0075
Lcd_Set_Cursor@b           cstackCOMMON 0073
Lcd_Set_Cursor@temp        cstackCOMMON 0076
Lcd_Write_Char@a           cstackCOMMON 0071
Lcd_Write_String@a         cstackCOMMON 0072
Lcd_Write_String@i         cstackCOMMON 0077
_ANSEL                     (abs)        0188
_ANSELH                    (abs)        0189
_Contador                  text11       198E
_Lcd_Clear                 text10       18E1
_Lcd_Cmd                   text37       18FE
_Lcd_Init                  text9        19DB
_Lcd_Set_Cursor            text36       1945
_Lcd_Write_Char            text35       18EE
_Lcd_Write_String          text34       1A4B
_PORTA                     (abs)        0005
_PORTB                     (abs)        0006
_PORTCbits                 (abs)        0007
_PORTD                     (abs)        0008
_PORTDbits                 (abs)        0008
_SSPBUF                    (abs)        0013
_SSPCON                    (abs)        0014
_SSPSTAT                   (abs)        0094
_SSPSTATbits               (abs)        0094
_TRISA                     (abs)        0085
_TRISB                     (abs)        0086
_TRISC0                    (abs)        0438
_TRISC1                    (abs)        0439
_TRISC2                    (abs)        043A
_TRISC3                    (abs)        043B
_TRISC5                    (abs)        043D
_TRISD                     (abs)        0088
__Habs1                    abs1         0000
__Hbank0                   bank0        0000
__Hbank1                   bank1        0000
__Hbank2                   bank2        0000
__Hbank3                   bank3        0000
__HbssBANK1                bssBANK1     0000
__Hcinit                   cinit        0800
__Hclrtext                 clrtext      0000
__Hcode                    code         0000
__Hcommon                  common       0000
__Hconfig                  config       2009
__HcstackBANK0             cstackBANK0  0000
__HcstackBANK1             cstackBANK1  0000
__HcstackCOMMON            cstackCOMMON 0000
__Heeprom_data             eeprom_data  0000
__Hend_init                end_init     0003
__Hfunctab                 functab      0000
__Hinit                    init         0000
__Hintentry                intentry     0000
__Hmaintext                maintext     0000
__Hpowerup                 powerup      0000
__Hram                     ram          0000
__Hreset_vec               reset_vec    0000
__Hsfr0                    sfr0         0000
__Hsfr1                    sfr1         0000
__Hsfr2                    sfr2         0000
__Hsfr3                    sfr3         0000
__Hspace_0                 (abs)        2000
__Hspace_1                 (abs)        00EB
__Hspace_2                 (abs)        0000
__Hspace_3                 (abs)        0000
__Hspace_4                 (abs)        4010
__Hstack                   stack        0000
__Hstrings                 strings      0000
__Htext                    text         0000
__Labs1                    abs1         0000
__Lbank0                   bank0        0000
__Lbank1                   bank1        0000
__Lbank2                   bank2        0000
__Lbank3                   bank3        0000
__LbssBANK1                bssBANK1     0000
__Lcinit                   cinit        07F3
__Lclrtext                 clrtext      0000
__Lcode                    code         0000
__Lcommon                  common       0000
__Lconfig                  config       0000
__LcstackBANK0             cstackBANK0  0000
__LcstackBANK1             cstackBANK1  0000
__LcstackCOMMON            cstackCOMMON 0000
__Leeprom_data             eeprom_data  0000
__Lend_init                end_init     0000
__Lfunctab                 functab      0000
__Linit                    init         0000
__Lintentry                intentry     0000
__Lmaintext                maintext     0000
__Lpowerup                 powerup      0000
__Lram                     ram          0000
__Lreset_vec               reset_vec    0000
__Lsfr0                    sfr0         0000
__Lsfr1                    sfr1         0000
__Lsfr2                    sfr2         0000
__Lsfr3                    sfr3         0000
__Lspace_0                 (abs)        0000
__Lspace_1                 (abs)        0000
__Lspace_2                 (abs)        0000
__Lspace_3                 (abs)        0000
__Lspace_4                 (abs)        0000
__Lstack                   stack        0000
__Lstrings                 strings      0000
__Ltext                    text         0000
__S0                       (abs)        2000
__S1                       (abs)        00EB
__S2                       (abs)        0000
__S3                       (abs)        0000
__Umul8_16                 text21       19B4
__Umul8_16@multiplicand    cstackCOMMON 0070
__Umul8_16@multiplier      cstackCOMMON 0078
__Umul8_16@product         cstackCOMMON 0074
__Umul8_16@word_mpld       cstackCOMMON 0076
___awdiv                   text15       08D7
___awdiv@counter           cstackBANK0  0020
___awdiv@dividend          cstackCOMMON 0079
___awdiv@divisor           cstackCOMMON 0077
___awdiv@quotient          cstackBANK0  0022
___awdiv@sign              cstackBANK0  0021
___awmod                   text14       1B7F
___awmod@counter           cstackCOMMON 0075
___awmod@dividend          cstackCOMMON 0072
___awmod@divisor           cstackCOMMON 0070
___awmod@sign              cstackCOMMON 0076
___fladd                   text30       14C0
___fladd@a                 cstackBANK0  0064
___fladd@aexp              cstackBANK1  00A1
___fladd@b                 cstackBANK0  0060
___fladd@bexp              cstackBANK1  00A2
___fladd@grs               cstackBANK1  00A3
___fladd@signs             cstackBANK1  00A0
___fldiv                   text2        10D8
___fldiv@a                 cstackBANK0  004C
___fldiv@aexp              cstackBANK0  0065
___fldiv@b                 cstackBANK0  0050
___fldiv@bexp              cstackBANK0  0064
___fldiv@grs               cstackBANK0  0060
___fldiv@new_exp           cstackBANK0  005E
___fldiv@rem               cstackBANK0  0059
___fldiv@sign              cstackBANK0  005D
___fleq                    text33       1A8D
___fleq@ff1                cstackCOMMON 0070
___fleq@ff2                cstackCOMMON 0074
___flge                    text32       1D27
___flge@ff1                cstackCOMMON 0070
___flge@ff2                cstackCOMMON 0074
___flmul                   text20       0C9F
___flmul@a                 cstackBANK0  0036
___flmul@aexp              cstackBANK0  0044
___flmul@b                 cstackBANK0  0032
___flmul@bexp              cstackBANK0  0045
___flmul@grs               cstackBANK0  0040
___flmul@prod              cstackBANK0  0046
___flmul@sign              cstackBANK0  003F
___flmul@temp              cstackBANK0  004A
___flneg                   text31       18D6
___flneg@f1                cstackCOMMON 0070
___flsub                   text29       1ADB
___flsub@a                 cstackBANK1  00A4
___flsub@b                 cstackBANK1  00A8
___fltol                   text28       1CAB
___fltol@exp1              cstackBANK0  0069
___fltol@f1                cstackBANK0  005F
___fltol@sign1             cstackBANK0  0068
___int_sp                  stack        0000
___latbits                 (abs)        0002
___lldiv                   text27       1BD8
___lldiv@counter           cstackCOMMON 007D
___lldiv@dividend          cstackCOMMON 0074
___lldiv@divisor           cstackCOMMON 0070
___lldiv@quotient          cstackCOMMON 0079
___llmod                   text26       1B2B
___llmod@counter           cstackCOMMON 0079
___llmod@dividend          cstackCOMMON 0074
___llmod@divisor           cstackCOMMON 0070
___lwdiv                   text19       000B
___lwdiv@counter           cstackCOMMON 007D
___lwdiv@dividend          cstackCOMMON 0078
___lwdiv@divisor           cstackCOMMON 0076
___lwdiv@quotient          cstackCOMMON 007B
___lwmod                   text18       1A11
___lwmod@counter           cstackCOMMON 0075
___lwmod@dividend          cstackCOMMON 0072
___lwmod@divisor           cstackCOMMON 0070
___sp                      stack        0000
___stackhi                 (abs)        0000
___stacklo                 (abs)        0000
___wmul                    text25       1969
___wmul@multiplicand       cstackCOMMON 0072
___wmul@multiplier         cstackCOMMON 0070
___wmul@product            cstackCOMMON 0074
___xxtofl                  text24       1DC9
___xxtofl@arg              cstackBANK0  002E
___xxtofl@exp              cstackBANK0  002D
___xxtofl@sign             cstackBANK0  002C
___xxtofl@val              cstackBANK0  0024
__div_to_l_                text23       1F42
__div_to_l_@cntr           cstackBANK0  0024
__div_to_l_@exp1           cstackBANK0  0025
__div_to_l_@f1             cstackCOMMON 0070
__div_to_l_@f2             cstackCOMMON 0074
__div_to_l_@quot           cstackBANK0  0020
__end_of_Contador          text11       19B4
__end_of_Lcd_Clear         text10       18EE
__end_of_Lcd_Cmd           text37       1911
__end_of_Lcd_Init          text9        1A11
__end_of_Lcd_Set_Cursor    text36       1969
__end_of_Lcd_Write_Char    text35       18FE
__end_of_Lcd_Write_String  text34       1A8D
__end_of__Umul8_16         text21       19DB
__end_of___awdiv           text15       0940
__end_of___awmod           text14       1BD8
__end_of___fladd           text30       1800
__end_of___fldiv           text2        12B5
__end_of___fleq            text33       1ADB
__end_of___flge            text32       1DC9
__end_of___flmul           text20       1000
__end_of___flneg           text31       18E1
__end_of___flsub           text29       1B2B
__end_of___fltol           text28       1D27
__end_of___lldiv           text27       1C3E
__end_of___llmod           text26       1B7F
__end_of___lwdiv           text19       004F
__end_of___lwmod           text18       1A4B
__end_of___wmul            text25       198E
__end_of___xxtofl          text24       1E85
__end_of__div_to_l_        text23       2000
__end_of__initialization   cinit        07FC
__end_of__npowers_         strings      0878
__end_of__powers_          strings      0844
__end_of__stringtab        strings      0810
__end_of__tdiv_to_l_       text22       1F42
__end_of_conversion        text8        1CAB
__end_of_dpowers           strings      08A0
__end_of_fround            text17       14C0
__end_of_isdigit           text16       1012
__end_of_main              maintext     019D
__end_of_scale             text13       0C9F
__end_of_setup             text6        1945
__end_of_spiInit           text7        1927
__end_of_spiRead           text4        18D6
__end_of_spiReceiveWait    text5        18CD
__end_of_spiWrite          text3        18C6
__end_of_sprintf           text12       07F3
__end_of_temperaturac      text1        10D8
__initialization           cinit        07F3
__npowers_                 strings      0844
__pbssBANK1                bssBANK1     00D8
__pcstackBANK0             cstackBANK0  0020
__pcstackBANK1             cstackBANK1  00A0
__pcstackCOMMON            cstackCOMMON 0070
__pmaintext                maintext     004F
__powers_                  strings      0810
__pstrings                 strings      0800
__ptext1                   text1        1012
__ptext10                  text10       18E1
__ptext11                  text11       198E
__ptext12                  text12       019D
__ptext13                  text13       0940
__ptext14                  text14       1B7F
__ptext15                  text15       08D7
__ptext16                  text16       1000
__ptext17                  text17       12B5
__ptext18                  text18       1A11
__ptext19                  text19       000B
__ptext2                   text2        10D8
__ptext20                  text20       0C9F
__ptext21                  text21       19B4
__ptext22                  text22       1E85
__ptext23                  text23       1F42
__ptext24                  text24       1DC9
__ptext25                  text25       1969
__ptext26                  text26       1B2B
__ptext27                  text27       1BD8
__ptext28                  text28       1CAB
__ptext29                  text29       1ADB
__ptext3                   text3        18C0
__ptext30                  text30       14C0
__ptext31                  text31       18D6
__ptext32                  text32       1D27
__ptext33                  text33       1A8D
__ptext34                  text34       1A4B
__ptext35                  text35       18EE
__ptext36                  text36       1945
__ptext37                  text37       18FE
__ptext4                   text4        18CD
__ptext5                   text5        18C6
__ptext6                   text6        1927
__ptext7                   text7        1911
__ptext8                   text8        1C3E
__ptext9                   text9        19DB
__size_of_Contador         (abs)        0000
__size_of_Lcd_Clear        (abs)        0000
__size_of_Lcd_Cmd          (abs)        0000
__size_of_Lcd_Init         (abs)        0000
__size_of_Lcd_Set_Cursor   (abs)        0000
__size_of_Lcd_Write_Char   (abs)        0000
__size_of_Lcd_Write_String (abs)        0000
__size_of__Umul8_16        (abs)        0000
__size_of___awdiv          (abs)        0000
__size_of___awmod          (abs)        0000
__size_of___fladd          (abs)        0000
__size_of___fldiv          (abs)        0000
__size_of___fleq           (abs)        0000
__size_of___flge           (abs)        0000
__size_of___flmul          (abs)        0000
__size_of___flneg          (abs)        0000
__size_of___flsub          (abs)        0000
__size_of___fltol          (abs)        0000
__size_of___lldiv          (abs)        0000
__size_of___llmod          (abs)        0000
__size_of___lwdiv          (abs)        0000
__size_of___lwmod          (abs)        0000
__size_of___wmul           (abs)        0000
__size_of___xxtofl         (abs)        0000
__size_of__div_to_l_       (abs)        0000
__size_of__tdiv_to_l_      (abs)        0000
__size_of_conversion       (abs)        0000
__size_of_fround           (abs)        0000
__size_of_isdigit          (abs)        0000
__size_of_main             (abs)        0000
__size_of_scale            (abs)        0000
__size_of_setup            (abs)        0000
__size_of_spiInit          (abs)        0000
__size_of_spiRead          (abs)        0000
__size_of_spiReceiveWait   (abs)        0000
__size_of_spiWrite         (abs)        0000
__size_of_sprintf          (abs)        0000
__size_of_temperaturac     (abs)        0000
__stringbase               strings      080F
__stringtab                strings      0800
__tdiv_to_l_               text22       1E85
__tdiv_to_l_@cntr          cstackBANK0  0024
__tdiv_to_l_@exp1          cstackBANK0  0025
__tdiv_to_l_@f1            cstackCOMMON 0070
__tdiv_to_l_@f2            cstackCOMMON 0074
__tdiv_to_l_@quot          cstackBANK0  0020
_buffer1                   bssBANK1     00EA
_buffer2                   bssBANK1     00E9
_buffer3                   bssBANK1     00E8
_c                         bssBANK1     00E6
_cc                        bssBANK1     00E4
_contm                     bssBANK1     00D8
_conversion                text8        1C3E
_dpowers                   strings      0878
_fround                    text17       12B5
_fround$1005               cstackBANK0  005B
_fround$1006               cstackBANK0  0057
_isdigit                   text16       1000
_isdigit$821               cstackCOMMON 0070
_main                      maintext     004F
_scale                     text13       0940
_scale$1007                cstackBANK0  005A
_setup                     text6        1927
_spiInit                   text7        1911
_spiRead                   text4        18CD
_spiReceiveWait            text5        18C6
_spiWrite                  text3        18C0
_sprintf                   text12       019D
_sprintf$1008              cstackBANK1  00B6
_temperaturac              text1        1012
_temperaturac$1004         cstackBANK1  00D0
_tempt                     bssBANK1     00E0
_vpot1                     bssBANK1     00DC
btemp                      (abs)        007E
clear_ram0                 clrtext      0003
end_of_initialization      cinit        07FC
fround@prec                cstackBANK0  005F
intlevel0                  functab      0000
intlevel1                  functab      0000
intlevel2                  functab      0000
intlevel3                  functab      0000
intlevel4                  functab      0000
intlevel5                  functab      0000
isdigit@c                  cstackCOMMON 0071
reset_vec                  reset_vec    0000
scale@scl                  cstackBANK0  005E
spiInit@sClockIdle         cstackCOMMON 0071
spiInit@sDataSample        cstackCOMMON 0070
spiInit@sTransmitEdge      cstackCOMMON 0072
spiInit@sType              cstackCOMMON 0073
spiWrite@dat               cstackCOMMON 0070
sprintf@ap                 cstackBANK1  00BA
sprintf@c                  cstackBANK1  00CE
sprintf@eexp               cstackBANK1  00C1
sprintf@f                  cstackBANK1  00AC
sprintf@flag               cstackBANK1  00BB
sprintf@fval               cstackBANK1  00CA
sprintf@prec               cstackBANK1  00C7
sprintf@sp                 cstackBANK1  00C9
sprintf@tmpval             cstackBANK1  00C3
sprintf@val                cstackBANK1  00BD
start                      init         0000
start_initialization       cinit        07F3
wtemp0                     (abs)        007E


FUNCTION INFORMATION:

 *************** function _main *****************
 Defined at:
		line 30 in file "Main.c"
 Parameters:    Size  Location     Type
		None
 Auto vars:     Size  Location     Type
		None
 Return value:  Size  Location     Type
                  1    wreg      void 
 Registers used:
		wreg, fsr0l, fsr0h, status,2, status,0, btemp+1, pclath, cstack
 Tracked objects:
		On entry : 
		On exit  : 
		Unchanged: 
 Data sizes:     COMMON   BANK0   BANK1   BANK3   BANK2
      Params:         0       0       0       0       0
      Locals:         0       0       0       0       0
      Temps:          0       0       4       0       0
      Totals:         0       0       4       0       0
Total ram usage:        4 bytes
 Hardware stack levels required when called:    5
 This function calls:
		_Contador
		_Lcd_Clear
		_Lcd_Init
		_Lcd_Set_Cursor
		_Lcd_Write_String
		___xxtofl
		_conversion
		_setup
		_spiRead
		_spiWrite
		_temperaturac
 This function is called by:
		Startup code after reset
 This function uses a non-reentrant model


 *************** function _temperaturac *****************
 Defined at:
		line 158 in file "Main.c"
 Parameters:    Size  Location     Type
		None
 Auto vars:     Size  Location     Type
		None
 Return value:  Size  Location     Type
                  1    wreg      void 
 Registers used:
		wreg, fsr0l, fsr0h, status,2, status,0, btemp+1, pclath, cstack
 Tracked objects:
		On entry : 
		On exit  : 
		Unchanged: 
 Data sizes:     COMMON   BANK0   BANK1   BANK3   BANK2
      Params:         0       0       0       0       0
      Locals:         0       0       4       0       0
      Temps:          0       0       1       0       0
      Totals:         0       0       5       0       0
Total ram usage:        5 bytes
 Hardware stack levels used:    1
 Hardware stack levels required when called:    4
 This function calls:
		_Lcd_Set_Cursor
		_Lcd_Write_String
		___fldiv
		___flmul
		___xxtofl
		_sprintf
 This function is called by:
		_main
 This function uses a non-reentrant model


 *************** function ___fldiv *****************
 Defined at:
		line 8 in file "C:\Program Files\Microchip\xc8\v2.31\pic\sources\c90\common\sprcdiv.c"
 Parameters:    Size  Location     Type
  a               4   44[BANK0 ] void 
  b               4   48[BANK0 ] void 
 Auto vars:     Size  Location     Type
  grs             4   64[BANK0 ] unsigned long 
  rem             4   57[BANK0 ] unsigned long 
  new_exp         2   62[BANK0 ] int 
  aexp            1   69[BANK0 ] unsigned char 
  bexp            1   68[BANK0 ] unsigned char 
  sign            1   61[BANK0 ] unsigned char 
 Return value:  Size  Location     Type
                  4   44[BANK0 ] unsigned char 
 Registers used:
		wreg, status,2, status,0, btemp+1
 Tracked objects:
		On entry : 
		On exit  : 
		Unchanged: 
 Data sizes:     COMMON   BANK0   BANK1   BANK3   BANK2
      Params:         0       8       0       0       0
      Locals:         0      13       0       0       0
      Temps:          0       5       0       0       0
      Totals:         0      26       0       0       0
Total ram usage:       26 bytes
 Hardware stack levels used:    1
 This function calls:
		Nothing
 This function is called by:
		_temperaturac
 This function uses a non-reentrant model


 *************** function _spiWrite *****************
 Defined at:
		line 125 in file "Main.c"
 Parameters:    Size  Location     Type
  dat             1    wreg     unsigned char 
 Auto vars:     Size  Location     Type
  dat             1    0[COMMON] unsigned char 
 Return value:  Size  Location     Type
                  1    wreg      void 
 Registers used:
		wreg
 Tracked objects:
		On entry : 
		On exit  : 
		Unchanged: 
 Data sizes:     COMMON   BANK0   BANK1   BANK3   BANK2
      Params:         0       0       0       0       0
      Locals:         1       0       0       0       0
      Temps:          0       0       0       0       0
      Totals:         1       0       0       0       0
Total ram usage:        1 bytes
 Hardware stack levels used:    1
 This function calls:
		Nothing
 This function is called by:
		_main
 This function uses a non-reentrant model


 *************** function _spiRead *****************
 Defined at:
		line 138 in file "Main.c"
 Parameters:    Size  Location     Type
		None
 Auto vars:     Size  Location     Type
		None
 Return value:  Size  Location     Type
                  1    wreg      unsigned char 
 Registers used:
		wreg, status,2, status,0, pclath, cstack
 Tracked objects:
		On entry : 
		On exit  : 
		Unchanged: 
 Data sizes:     COMMON   BANK0   BANK1   BANK3   BANK2
      Params:         0       0       0       0       0
      Locals:         0       0       0       0       0
      Temps:          0       0       0       0       0
      Totals:         0       0       0       0       0
Total ram usage:        0 bytes
 Hardware stack levels used:    1
 Hardware stack levels required when called:    1
 This function calls:
		_spiReceiveWait
 This function is called by:
		_main
 This function uses a non-reentrant model


 *************** function _spiReceiveWait *****************
 Defined at:
		line 120 in file "Main.c"
 Parameters:    Size  Location     Type
		None
 Auto vars:     Size  Location     Type
		None
 Return value:  Size  Location     Type
                  1    wreg      void 
 Registers used:
		None
 Tracked objects:
		On entry : 
		On exit  : 
		Unchanged: 
 Data sizes:     COMMON   BANK0   BANK1   BANK3   BANK2
      Params:         0       0       0       0       0
      Locals:         0       0       0       0       0
      Temps:          0       0       0       0       0
      Totals:         0       0       0       0       0
Total ram usage:        0 bytes
 Hardware stack levels used:    1
 This function calls:
		Nothing
 This function is called by:
		_spiRead
 This function uses a non-reentrant model


 *************** function _setup *****************
 Defined at:
		line 80 in file "Main.c"
 Parameters:    Size  Location     Type
		None
 Auto vars:     Size  Location     Type
		None
 Return value:  Size  Location     Type
                  1    wreg      void 
 Registers used:
		wreg, status,2, status,0, pclath, cstack
 Tracked objects:
		On entry : 
		On exit  : 
		Unchanged: 
 Data sizes:     COMMON   BANK0   BANK1   BANK3   BANK2
      Params:         0       0       0       0       0
      Locals:         0       0       0       0       0
      Temps:          0       0       0       0       0
      Totals:         0       0       0       0       0
Total ram usage:        0 bytes
 Hardware stack levels used:    1
 Hardware stack levels required when called:    1
 This function calls:
		_spiInit
 This function is called by:
		_main
 This function uses a non-reentrant model


 *************** function _spiInit *****************
 Defined at:
		line 103 in file "Main.c"
 Parameters:    Size  Location     Type
  sType           1    wreg     enum E1264
  sDataSample     1    0[COMMON] enum E1272
  sClockIdle      1    1[COMMON] enum E1276
  sTransmitEdg    1    2[COMMON] enum E1280
 Auto vars:     Size  Location     Type
  sType           1    3[COMMON] enum E1264
 Return value:  Size  Location     Type
                  1    wreg      void 
 Registers used:
		wreg, status,2, status,0
 Tracked objects:
		On entry : 
		On exit  : 
		Unchanged: 
 Data sizes:     COMMON   BANK0   BANK1   BANK3   BANK2
      Params:         3       0       0       0       0
      Locals:         1       0       0       0       0
      Temps:          0       0       0       0       0
      Totals:         4       0       0       0       0
Total ram usage:        4 bytes
 Hardware stack levels used:    1
 This function calls:
		Nothing
 This function is called by:
		_setup
 This function uses a non-reentrant model


 *************** function _conversion *****************
 Defined at:
		line 151 in file "Main.c"
 Parameters:    Size  Location     Type
		None
 Auto vars:     Size  Location     Type
		None
 Return value:  Size  Location     Type
                  1    wreg      void 
 Registers used:
		wreg, fsr0l, fsr0h, status,2, status,0, btemp+1, pclath, cstack
 Tracked objects:
		On entry : 
		On exit  : 
		Unchanged: 
 Data sizes:     COMMON   BANK0   BANK1   BANK3   BANK2
      Params:         0       0       0       0       0
      Locals:         0       0       0       0       0
      Temps:          0       0       1       0       0
      Totals:         0       0       1       0       0
Total ram usage:        1 bytes
 Hardware stack levels used:    1
 Hardware stack levels required when called:    4
 This function calls:
		_Lcd_Set_Cursor
		_Lcd_Write_String
		___awdiv
		___wmul
		___xxtofl
		_sprintf
 This function is called by:
		_main
 This function uses a non-reentrant model


 *************** function _Lcd_Init *****************
 Defined at:
		line 71 in file "./LCD.h"
 Parameters:    Size  Location     Type
		None
 Auto vars:     Size  Location     Type
		None
 Return value:  Size  Location     Type
                  1    wreg      void 
 Registers used:
		wreg, status,2, status,0, pclath, cstack
 Tracked objects:
		On entry : 
		On exit  : 
		Unchanged: 
 Data sizes:     COMMON   BANK0   BANK1   BANK3   BANK2
      Params:         0       0       0       0       0
      Locals:         0       0       0       0       0
      Temps:          2       0       0       0       0
      Totals:         2       0       0       0       0
Total ram usage:        2 bytes
 Hardware stack levels used:    1
 Hardware stack levels required when called:    1
 This function calls:
		_Lcd_Cmd
 This function is called by:
		_main
 This function uses a non-reentrant model


 *************** function _Lcd_Clear *****************
 Defined at:
		line 30 in file "./LCD.h"
 Parameters:    Size  Location     Type
		None
 Auto vars:     Size  Location     Type
		None
 Return value:  Size  Location     Type
                  2   77[None  ] int 
 Registers used:
		wreg, status,2, status,0, pclath, cstack
 Tracked objects:
		On entry : 
		On exit  : 
		Unchanged: 
 Data sizes:     COMMON   BANK0   BANK1   BANK3   BANK2
      Params:         0       0       0       0       0
      Locals:         0       0       0       0       0
      Temps:          0       0       0       0       0
      Totals:         0       0       0       0       0
Total ram usage:        0 bytes
 Hardware stack levels used:    1
 Hardware stack levels required when called:    1
 This function calls:
		_Lcd_Cmd
 This function is called by:
		_main
 This function uses a non-reentrant model


 *************** function _Contador *****************
 Defined at:
		line 144 in file "Main.c"
 Parameters:    Size  Location     Type
		None
 Auto vars:     Size  Location     Type
		None
 Return value:  Size  Location     Type
                  1    wreg      void 
 Registers used:
		wreg, fsr0l, fsr0h, status,2, status,0, btemp+1, pclath, cstack
 Tracked objects:
		On entry : 
		On exit  : 
		Unchanged: 
 Data sizes:     COMMON   BANK0   BANK1   BANK3   BANK2
      Params:         0       0       0       0       0
      Locals:         0       0       0       0       0
      Temps:          0       0       1       0       0
      Totals:         0       0       1       0       0
Total ram usage:        1 bytes
 Hardware stack levels used:    1
 Hardware stack levels required when called:    4
 This function calls:
		_Lcd_Set_Cursor
		_Lcd_Write_String
		_sprintf
 This function is called by:
		_main
 This function uses a non-reentrant model


 *************** function _sprintf *****************
 Defined at:
		line 505 in file "C:\Program Files\Microchip\xc8\v2.31\pic\sources\c90\common\doprnt.c"
 Parameters:    Size  Location     Type
  sp              1    wreg     PTR unsigned char 
		 -> buffer3(1), buffer2(1), buffer1(1), 
  f               1   12[BANK1 ] PTR const unsigned char 
		 -> STR_8(5), STR_7(5), STR_6(5), 
 Auto vars:     Size  Location     Type
  sp              1   41[BANK1 ] PTR unsigned char 
		 -> buffer3(1), buffer2(1), buffer1(1), 
  fval            4   42[BANK1 ] PTR unsigned char 
  tmpval          4   35[BANK1 ] struct .
  val             4   29[BANK1 ] unsigned long 
  prec            2   39[BANK1 ] int 
  eexp            2   33[BANK1 ] int 
  flag            2   27[BANK1 ] unsigned short 
  cp              2    0        PTR const unsigned char 
  len             2    0        unsigned int 
  width           2    0        int 
  c               1   46[BANK1 ] unsigned char 
  ap              1   26[BANK1 ] PTR void [1]
		 -> ?_sprintf(2), 
  d               1    0        unsigned char 
 Return value:  Size  Location     Type
                  2   12[BANK1 ] int 
 Registers used:
		wreg, fsr0l, fsr0h, status,2, status,0, btemp+1, pclath, cstack
 Tracked objects:
		On entry : 
		On exit  : 
		Unchanged: 
 Data sizes:     COMMON   BANK0   BANK1   BANK3   BANK2
      Params:         0       0       5       0       0
      Locals:         0       0      25       0       0
      Temps:          0       0       5       0       0
      Totals:         0       0      35       0       0
Total ram usage:       35 bytes
 Hardware stack levels used:    1
 Hardware stack levels required when called:    3
 This function calls:
		___awdiv
		___fladd
		___fleq
		___flge
		___flmul
		___flneg
		___flsub
		___fltol
		___lldiv
		___llmod
		___wmul
		___xxtofl
		__div_to_l_
		__tdiv_to_l_
		_fround
		_isdigit
		_scale
 This function is called by:
		_Contador
		_conversion
		_temperaturac
 This function uses a non-reentrant model


 *************** function _scale *****************
 Defined at:
		line 433 in file "C:\Program Files\Microchip\xc8\v2.31\pic\sources\c90\common\doprnt.c"
 Parameters:    Size  Location     Type
  scl             1    wreg     char 
 Auto vars:     Size  Location     Type
  scl             1   62[BANK0 ] char 
 Return value:  Size  Location     Type
                  4   44[BANK0 ] char 
 Registers used:
		wreg, fsr0l, fsr0h, status,2, status,0, btemp+1, pclath, cstack
 Tracked objects:
		On entry : 
		On exit  : 
		Unchanged: 
 Data sizes:     COMMON   BANK0   BANK1   BANK3   BANK2
      Params:         0       4       0       0       0
      Locals:         0       5       0       0       0
      Temps:          0      10       0       0       0
      Totals:         0      19       0       0       0
Total ram usage:       19 bytes
 Hardware stack levels used:    1
 Hardware stack levels required when called:    2
 This function calls:
		___awdiv
		___awmod
		___flmul
 This function is called by:
		_sprintf
 This function uses a non-reentrant model


 *************** function ___awmod *****************
 Defined at:
		line 5 in file "C:\Program Files\Microchip\xc8\v2.31\pic\sources\c90\common\awmod.c"
 Parameters:    Size  Location     Type
  divisor         2    0[COMMON] int 
  dividend        2    2[COMMON] int 
 Auto vars:     Size  Location     Type
  sign            1    6[COMMON] unsigned char 
  counter         1    5[COMMON] unsigned char 
 Return value:  Size  Location     Type
                  2    0[COMMON] int 
 Registers used:
		wreg, status,2, status,0
 Tracked objects:
		On entry : 
		On exit  : 
		Unchanged: 
 Data sizes:     COMMON   BANK0   BANK1   BANK3   BANK2
      Params:         4       0       0       0       0
      Locals:         2       0       0       0       0
      Temps:          1       0       0       0       0
      Totals:         7       0       0       0       0
Total ram usage:        7 bytes
 Hardware stack levels used:    1
 This function calls:
		Nothing
 This function is called by:
		_scale
 This function uses a non-reentrant model


 *************** function ___awdiv *****************
 Defined at:
		line 5 in file "C:\Program Files\Microchip\xc8\v2.31\pic\sources\c90\common\awdiv.c"
 Parameters:    Size  Location     Type
  divisor         2    7[COMMON] int 
  dividend        2    9[COMMON] int 
 Auto vars:     Size  Location     Type
  quotient        2    2[BANK0 ] int 
  sign            1    1[BANK0 ] unsigned char 
  counter         1    0[BANK0 ] unsigned char 
 Return value:  Size  Location     Type
                  2    7[COMMON] int 
 Registers used:
		wreg, status,2, status,0
 Tracked objects:
		On entry : 
		On exit  : 
		Unchanged: 
 Data sizes:     COMMON   BANK0   BANK1   BANK3   BANK2
      Params:         4       0       0       0       0
      Locals:         0       4       0       0       0
      Temps:          1       0       0       0       0
      Totals:         5       4       0       0       0
Total ram usage:        9 bytes
 Hardware stack levels used:    1
 This function calls:
		Nothing
 This function is called by:
		_conversion
		_scale
		_sprintf
 This function uses a non-reentrant model


 *************** function _isdigit *****************
 Defined at:
		line 8 in file "C:\Program Files\Microchip\xc8\v2.31\pic\sources\c90\common\isdigit.c"
 Parameters:    Size  Location     Type
  c               1    wreg     unsigned char 
 Auto vars:     Size  Location     Type
  c               1    1[COMMON] unsigned char 
 Return value:  Size  Location     Type
		None               void
 Registers used:
		wreg, status,2, status,0
 Tracked objects:
		On entry : 
		On exit  : 
		Unchanged: 
 Data sizes:     COMMON   BANK0   BANK1   BANK3   BANK2
      Params:         0       0       0       0       0
      Locals:         2       0       0       0       0
      Temps:          0       0       0       0       0
      Totals:         2       0       0       0       0
Total ram usage:        2 bytes
 Hardware stack levels used:    1
 This function calls:
		Nothing
 This function is called by:
		_sprintf
 This function uses a non-reentrant model


 *************** function _fround *****************
 Defined at:
		line 417 in file "C:\Program Files\Microchip\xc8\v2.31\pic\sources\c90\common\doprnt.c"
 Parameters:    Size  Location     Type
  prec            1    wreg     unsigned char 
 Auto vars:     Size  Location     Type
  prec            1   63[BANK0 ] unsigned char 
 Return value:  Size  Location     Type
                  4   44[BANK0 ] unsigned char 
 Registers used:
		wreg, fsr0l, fsr0h, status,2, status,0, btemp+1, pclath, cstack
 Tracked objects:
		On entry : 
		On exit  : 
		Unchanged: 
 Data sizes:     COMMON   BANK0   BANK1   BANK3   BANK2
      Params:         0       4       0       0       0
      Locals:         0       9       0       0       0
      Temps:          0       7       0       0       0
      Totals:         0      20       0       0       0
Total ram usage:       20 bytes
 Hardware stack levels used:    1
 Hardware stack levels required when called:    2
 This function calls:
		___flmul
		___lwdiv
		___lwmod
 This function is called by:
		_sprintf
 This function uses a non-reentrant model


 *************** function ___lwmod *****************
 Defined at:
		line 5 in file "C:\Program Files\Microchip\xc8\v2.31\pic\sources\c90\common\lwmod.c"
 Parameters:    Size  Location     Type
  divisor         2    0[COMMON] unsigned int 
  dividend        2    2[COMMON] unsigned int 
 Auto vars:     Size  Location     Type
  counter         1    5[COMMON] unsigned char 
 Return value:  Size  Location     Type
                  2    0[COMMON] unsigned int 
 Registers used:
		wreg, status,2, status,0
 Tracked objects:
		On entry : 
		On exit  : 
		Unchanged: 
 Data sizes:     COMMON   BANK0   BANK1   BANK3   BANK2
      Params:         4       0       0       0       0
      Locals:         1       0       0       0       0
      Temps:          1       0       0       0       0
      Totals:         6       0       0       0       0
Total ram usage:        6 bytes
 Hardware stack levels used:    1
 This function calls:
		Nothing
 This function is called by:
		_fround
 This function uses a non-reentrant model


 *************** function ___lwdiv *****************
 Defined at:
		line 5 in file "C:\Program Files\Microchip\xc8\v2.31\pic\sources\c90\common\lwdiv.c"
 Parameters:    Size  Location     Type
  divisor         2    6[COMMON] unsigned int 
  dividend        2    8[COMMON] unsigned int 
 Auto vars:     Size  Location     Type
  quotient        2   11[COMMON] unsigned int 
  counter         1   13[COMMON] unsigned char 
 Return value:  Size  Location     Type
                  2    6[COMMON] unsigned int 
 Registers used:
		wreg, status,2, status,0
 Tracked objects:
		On entry : 
		On exit  : 
		Unchanged: 
 Data sizes:     COMMON   BANK0   BANK1   BANK3   BANK2
      Params:         4       0       0       0       0
      Locals:         3       0       0       0       0
      Temps:          1       0       0       0       0
      Totals:         8       0       0       0       0
Total ram usage:        8 bytes
 Hardware stack levels used:    1
 This function calls:
		Nothing
 This function is called by:
		_fround
 This function uses a non-reentrant model


 *************** function ___flmul *****************
 Defined at:
		line 8 in file "C:\Program Files\Microchip\xc8\v2.31\pic\sources\c90\common\sprcmul.c"
 Parameters:    Size  Location     Type
  b               4   18[BANK0 ] unsigned int 
  a               4   22[BANK0 ] unsigned int 
 Auto vars:     Size  Location     Type
  prod            4   38[BANK0 ] struct .
  grs             4   32[BANK0 ] unsigned long 
  temp            2   42[BANK0 ] struct .
  bexp            1   37[BANK0 ] unsigned char 
  aexp            1   36[BANK0 ] unsigned char 
  sign            1   31[BANK0 ] unsigned char 
 Return value:  Size  Location     Type
                  4   18[BANK0 ] unsigned char 
 Registers used:
		wreg, status,2, status,0, btemp+1, pclath, cstack
 Tracked objects:
		On entry : 
		On exit  : 
		Unchanged: 
 Data sizes:     COMMON   BANK0   BANK1   BANK3   BANK2
      Params:         0       8       0       0       0
      Locals:         0      13       0       0       0
      Temps:          0       5       0       0       0
      Totals:         0      26       0       0       0
Total ram usage:       26 bytes
 Hardware stack levels used:    1
 Hardware stack levels required when called:    1
 This function calls:
		__Umul8_16
 This function is called by:
		_temperaturac
		_fround
		_scale
		_sprintf
 This function uses a non-reentrant model


 *************** function __Umul8_16 *****************
 Defined at:
		line 4 in file "C:\Program Files\Microchip\xc8\v2.31\pic\sources\c90\common\Umul8_16.c"
 Parameters:    Size  Location     Type
  multiplier      1    wreg     unsigned char 
  multiplicand    1    0[COMMON] unsigned char 
 Auto vars:     Size  Location     Type
  multiplier      1    8[COMMON] unsigned char 
  word_mpld       2    6[COMMON] unsigned int 
  product         2    4[COMMON] unsigned int 
 Return value:  Size  Location     Type
                  2    0[COMMON] unsigned int 
 Registers used:
		wreg, status,2, status,0
 Tracked objects:
		On entry : 
		On exit  : 
		Unchanged: 
 Data sizes:     COMMON   BANK0   BANK1   BANK3   BANK2
      Params:         2       0       0       0       0
      Locals:         5       0       0       0       0
      Temps:          2       0       0       0       0
      Totals:         9       0       0       0       0
Total ram usage:        9 bytes
 Hardware stack levels used:    1
 This function calls:
		Nothing
 This function is called by:
		___flmul
 This function uses a non-reentrant model


 *************** function __tdiv_to_l_ *****************
 Defined at:
		line 60 in file "C:\Program Files\Microchip\xc8\v2.31\pic\sources\c90\common\ftdivl.c"
 Parameters:    Size  Location     Type
  f1              4    0[COMMON] float 
  f2              4    4[COMMON] float 
 Auto vars:     Size  Location     Type
  quot            4    0[BANK0 ] unsigned long 
  exp1            1    5[BANK0 ] unsigned char 
  cntr            1    4[BANK0 ] unsigned char 
 Return value:  Size  Location     Type
                  4    0[COMMON] unsigned long 
 Registers used:
		wreg, status,2, status,0
 Tracked objects:
		On entry : 
		On exit  : 
		Unchanged: 
 Data sizes:     COMMON   BANK0   BANK1   BANK3   BANK2
      Params:         8       0       0       0       0
      Locals:         0       6       0       0       0
      Temps:          4       0       0       0       0
      Totals:        12       6       0       0       0
Total ram usage:       18 bytes
 Hardware stack levels used:    1
 This function calls:
		Nothing
 This function is called by:
		_sprintf
 This function uses a non-reentrant model


 *************** function __div_to_l_ *****************
 Defined at:
		line 60 in file "C:\Program Files\Microchip\xc8\v2.31\pic\sources\c90\common\fldivl.c"
 Parameters:    Size  Location     Type
  f1              4    0[COMMON] unsigned long 
  f2              4    4[COMMON] unsigned long 
 Auto vars:     Size  Location     Type
  quot            4    0[BANK0 ] unsigned long 
  exp1            1    5[BANK0 ] unsigned char 
  cntr            1    4[BANK0 ] unsigned char 
 Return value:  Size  Location     Type
                  4    0[COMMON] unsigned long 
 Registers used:
		wreg, status,2, status,0
 Tracked objects:
		On entry : 
		On exit  : 
		Unchanged: 
 Data sizes:     COMMON   BANK0   BANK1   BANK3   BANK2
      Params:         8       0       0       0       0
      Locals:         0       6       0       0       0
      Temps:          1       0       0       0       0
      Totals:         9       6       0       0       0
Total ram usage:       15 bytes
 Hardware stack levels used:    1
 This function calls:
		Nothing
 This function is called by:
		_sprintf
 This function uses a non-reentrant model


 *************** function ___xxtofl *****************
 Defined at:
		line 10 in file "C:\Program Files\Microchip\xc8\v2.31\pic\sources\c90\common\xxtofl.c"
 Parameters:    Size  Location     Type
  sign            1    wreg     unsigned char 
  val             4    4[BANK0 ] long 
 Auto vars:     Size  Location     Type
  sign            1   12[BANK0 ] unsigned char 
  arg             4   14[BANK0 ] unsigned long 
  exp             1   13[BANK0 ] unsigned char 
 Return value:  Size  Location     Type
                  4    4[BANK0 ] unsigned char 
 Registers used:
		wreg, status,2, status,0
 Tracked objects:
		On entry : 
		On exit  : 
		Unchanged: 
 Data sizes:     COMMON   BANK0   BANK1   BANK3   BANK2
      Params:         0       4       0       0       0
      Locals:         0       6       0       0       0
      Temps:          0       4       0       0       0
      Totals:         0      14       0       0       0
Total ram usage:       14 bytes
 Hardware stack levels used:    1
 This function calls:
		Nothing
 This function is called by:
		_main
		_conversion
		_temperaturac
		_sprintf
 This function uses a non-reentrant model


 *************** function ___wmul *****************
 Defined at:
		line 15 in file "C:\Program Files\Microchip\xc8\v2.31\pic\sources\c90\common\Umul16.c"
 Parameters:    Size  Location     Type
  multiplier      2    0[COMMON] unsigned int 
  multiplicand    2    2[COMMON] unsigned int 
 Auto vars:     Size  Location     Type
  product         2    4[COMMON] unsigned int 
 Return value:  Size  Location     Type
                  2    0[COMMON] unsigned int 
 Registers used:
		wreg, status,2, status,0
 Tracked objects:
		On entry : 
		On exit  : 
		Unchanged: 
 Data sizes:     COMMON   BANK0   BANK1   BANK3   BANK2
      Params:         4       0       0       0       0
      Locals:         2       0       0       0       0
      Temps:          0       0       0       0       0
      Totals:         6       0       0       0       0
Total ram usage:        6 bytes
 Hardware stack levels used:    1
 This function calls:
		Nothing
 This function is called by:
		_conversion
		_sprintf
 This function uses a non-reentrant model


 *************** function ___llmod *****************
 Defined at:
		line 5 in file "C:\Program Files\Microchip\xc8\v2.31\pic\sources\c90\common\llmod.c"
 Parameters:    Size  Location     Type
  divisor         4    0[COMMON] unsigned long 
  dividend        4    4[COMMON] unsigned long 
 Auto vars:     Size  Location     Type
  counter         1    9[COMMON] unsigned char 
 Return value:  Size  Location     Type
                  4    0[COMMON] unsigned long 
 Registers used:
		wreg, status,2, status,0
 Tracked objects:
		On entry : 
		On exit  : 
		Unchanged: 
 Data sizes:     COMMON   BANK0   BANK1   BANK3   BANK2
      Params:         8       0       0       0       0
      Locals:         1       0       0       0       0
      Temps:          1       0       0       0       0
      Totals:        10       0       0       0       0
Total ram usage:       10 bytes
 Hardware stack levels used:    1
 This function calls:
		Nothing
 This function is called by:
		_sprintf
 This function uses a non-reentrant model


 *************** function ___lldiv *****************
 Defined at:
		line 5 in file "C:\Program Files\Microchip\xc8\v2.31\pic\sources\c90\common\__lldiv.c"
 Parameters:    Size  Location     Type
  divisor         4    0[COMMON] unsigned long 
  dividend        4    4[COMMON] unsigned long 
 Auto vars:     Size  Location     Type
  quotient        4    9[COMMON] unsigned long 
  counter         1   13[COMMON] unsigned char 
 Return value:  Size  Location     Type
                  4    0[COMMON] unsigned long 
 Registers used:
		wreg, status,2, status,0
 Tracked objects:
		On entry : 
		On exit  : 
		Unchanged: 
 Data sizes:     COMMON   BANK0   BANK1   BANK3   BANK2
      Params:         8       0       0       0       0
      Locals:         5       0       0       0       0
      Temps:          1       0       0       0       0
      Totals:        14       0       0       0       0
Total ram usage:       14 bytes
 Hardware stack levels used:    1
 This function calls:
		Nothing
 This function is called by:
		_sprintf
 This function uses a non-reentrant model


 *************** function ___fltol *****************
 Defined at:
		line 43 in file "C:\Program Files\Microchip\xc8\v2.31\pic\sources\c90\common\fltol.c"
 Parameters:    Size  Location     Type
  f1              4   63[BANK0 ] unsigned long 
 Auto vars:     Size  Location     Type
  exp1            1   73[BANK0 ] unsigned char 
  sign1           1   72[BANK0 ] unsigned char 
 Return value:  Size  Location     Type
                  4   63[BANK0 ] long 
 Registers used:
		wreg, status,2, status,0
 Tracked objects:
		On entry : 
		On exit  : 
		Unchanged: 
 Data sizes:     COMMON   BANK0   BANK1   BANK3   BANK2
      Params:         0       4       0       0       0
      Locals:         0       2       0       0       0
      Temps:          0       5       0       0       0
      Totals:         0      11       0       0       0
Total ram usage:       11 bytes
 Hardware stack levels used:    1
 This function calls:
		Nothing
 This function is called by:
		_sprintf
 This function uses a non-reentrant model


 *************** function ___flsub *****************
 Defined at:
		line 242 in file "C:\Program Files\Microchip\xc8\v2.31\pic\sources\c90\common\sprcadd.c"
 Parameters:    Size  Location     Type
  a               4    4[BANK1 ] long 
  b               4    8[BANK1 ] long 
 Auto vars:     Size  Location     Type
		None
 Return value:  Size  Location     Type
                  4    4[BANK1 ] long 
 Registers used:
		wreg, status,2, status,0, btemp+1, pclath, cstack
 Tracked objects:
		On entry : 
		On exit  : 
		Unchanged: 
 Data sizes:     COMMON   BANK0   BANK1   BANK3   BANK2
      Params:         0       0       8       0       0
      Locals:         0       0       0       0       0
      Temps:          0       0       0       0       0
      Totals:         0       0       8       0       0
Total ram usage:        8 bytes
 Hardware stack levels used:    1
 Hardware stack levels required when called:    1
 This function calls:
		___fladd
 This function is called by:
		_sprintf
 This function uses a non-reentrant model


 *************** function ___fladd *****************
 Defined at:
		line 10 in file "C:\Program Files\Microchip\xc8\v2.31\pic\sources\c90\common\sprcadd.c"
 Parameters:    Size  Location     Type
  b               4   64[BANK0 ] long 
  a               4   68[BANK0 ] long 
 Auto vars:     Size  Location     Type
  grs             1    3[BANK1 ] unsigned char 
  bexp            1    2[BANK1 ] unsigned char 
  aexp            1    1[BANK1 ] unsigned char 
  signs           1    0[BANK1 ] unsigned char 
 Return value:  Size  Location     Type
                  4   64[BANK0 ] unsigned char 
 Registers used:
		wreg, status,2, status,0, btemp+1
 Tracked objects:
		On entry : 
		On exit  : 
		Unchanged: 
 Data sizes:     COMMON   BANK0   BANK1   BANK3   BANK2
      Params:         0       8       0       0       0
      Locals:         0       0       4       0       0
      Temps:          0       8       0       0       0
      Totals:         0      16       4       0       0
Total ram usage:       20 bytes
 Hardware stack levels used:    1
 This function calls:
		Nothing
 This function is called by:
		_sprintf
		___flsub
 This function uses a non-reentrant model


 *************** function ___flneg *****************
 Defined at:
		line 15 in file "C:\Program Files\Microchip\xc8\v2.31\pic\sources\c90\common\flneg.c"
 Parameters:    Size  Location     Type
  f1              4    0[COMMON] unsigned char 
 Auto vars:     Size  Location     Type
		None
 Return value:  Size  Location     Type
                  4    0[COMMON] unsigned char 
 Registers used:
		wreg
 Tracked objects:
		On entry : 
		On exit  : 
		Unchanged: 
 Data sizes:     COMMON   BANK0   BANK1   BANK3   BANK2
      Params:         4       0       0       0       0
      Locals:         0       0       0       0       0
      Temps:          0       0       0       0       0
      Totals:         4       0       0       0       0
Total ram usage:        4 bytes
 Hardware stack levels used:    1
 This function calls:
		Nothing
 This function is called by:
		_sprintf
 This function uses a non-reentrant model


 *************** function ___flge *****************
 Defined at:
		line 4 in file "C:\Program Files\Microchip\xc8\v2.31\pic\sources\c90\common\flge.c"
 Parameters:    Size  Location     Type
  ff1             4    0[COMMON] unsigned char 
  ff2             4    4[COMMON] unsigned char 
 Auto vars:     Size  Location     Type
		None
 Return value:  Size  Location     Type
		None               void
 Registers used:
		wreg, status,2, status,0
 Tracked objects:
		On entry : 
		On exit  : 
		Unchanged: 
 Data sizes:     COMMON   BANK0   BANK1   BANK3   BANK2
      Params:         8       0       0       0       0
      Locals:         0       0       0       0       0
      Temps:          4       0       0       0       0
      Totals:        12       0       0       0       0
Total ram usage:       12 bytes
 Hardware stack levels used:    1
 This function calls:
		Nothing
 This function is called by:
		_sprintf
 This function uses a non-reentrant model


 *************** function ___fleq *****************
 Defined at:
		line 4 in file "C:\Program Files\Microchip\xc8\v2.31\pic\sources\c90\common\fleq.c"
 Parameters:    Size  Location     Type
  ff1             4    0[COMMON] unsigned char 
  ff2             4    4[COMMON] unsigned char 
 Auto vars:     Size  Location     Type
		None
 Return value:  Size  Location     Type
		None               void
 Registers used:
		wreg, status,2, status,0
 Tracked objects:
		On entry : 
		On exit  : 
		Unchanged: 
 Data sizes:     COMMON   BANK0   BANK1   BANK3   BANK2
      Params:         8       0       0       0       0
      Locals:         0       0       0       0       0
      Temps:          4       0       0       0       0
      Totals:        12       0       0       0       0
Total ram usage:       12 bytes
 Hardware stack levels used:    1
 This function calls:
		Nothing
 This function is called by:
		_sprintf
 This function uses a non-reentrant model


 *************** function _Lcd_Write_String *****************
 Defined at:
		line 64 in file "./LCD.h"
 Parameters:    Size  Location     Type
  a               2    2[COMMON] PTR unsigned char 
		 -> buffer3(1), buffer2(1), buffer1(1), STR_5(5), 
		 -> STR_4(4), STR_3(5), STR_2(13), STR_1(10), 
 Auto vars:     Size  Location     Type
  i               2    7[COMMON] int 
 Return value:  Size  Location     Type
                  1    wreg      void 
 Registers used:
		wreg, fsr0l, fsr0h, status,2, status,0, btemp+1, pclath, cstack
 Tracked objects:
		On entry : 
		On exit  : 
		Unchanged: 
 Data sizes:     COMMON   BANK0   BANK1   BANK3   BANK2
      Params:         2       0       0       0       0
      Locals:         2       0       0       0       0
      Temps:          3       0       0       0       0
      Totals:         7       0       0       0       0
Total ram usage:        7 bytes
 Hardware stack levels used:    1
 Hardware stack levels required when called:    1
 This function calls:
		_Lcd_Write_Char
 This function is called by:
		_main
		_Contador
		_conversion
		_temperaturac
 This function uses a non-reentrant model


 *************** function _Lcd_Write_Char *****************
 Defined at:
		line 56 in file "./LCD.h"
 Parameters:    Size  Location     Type
  a               1    wreg     unsigned char 
 Auto vars:     Size  Location     Type
  a               1    1[COMMON] unsigned char 
 Return value:  Size  Location     Type
                  1    wreg      void 
 Registers used:
		wreg
 Tracked objects:
		On entry : 
		On exit  : 
		Unchanged: 
 Data sizes:     COMMON   BANK0   BANK1   BANK3   BANK2
      Params:         0       0       0       0       0
      Locals:         1       0       0       0       0
      Temps:          1       0       0       0       0
      Totals:         2       0       0       0       0
Total ram usage:        2 bytes
 Hardware stack levels used:    1
 This function calls:
		Nothing
 This function is called by:
		_Lcd_Write_String
 This function uses a non-reentrant model


 *************** function _Lcd_Set_Cursor *****************
 Defined at:
		line 35 in file "./LCD.h"
 Parameters:    Size  Location     Type
  a               1    wreg     unsigned char 
  b               1    3[COMMON] unsigned char 
 Auto vars:     Size  Location     Type
  a               1    5[COMMON] unsigned char 
  temp            1    6[COMMON] unsigned char 
  y               1    0        unsigned char 
  z               1    0        unsigned char 
 Return value:  Size  Location     Type
                  1    wreg      void 
 Registers used:
		wreg, status,2, status,0, pclath, cstack
 Tracked objects:
		On entry : 
		On exit  : 
		Unchanged: 
 Data sizes:     COMMON   BANK0   BANK1   BANK3   BANK2
      Params:         1       0       0       0       0
      Locals:         2       0       0       0       0
      Temps:          1       0       0       0       0
      Totals:         4       0       0       0       0
Total ram usage:        4 bytes
 Hardware stack levels used:    1
 Hardware stack levels required when called:    1
 This function calls:
		_Lcd_Cmd
 This function is called by:
		_main
		_Contador
		_conversion
		_temperaturac
 This function uses a non-reentrant model


 *************** function _Lcd_Cmd *****************
 Defined at:
		line 21 in file "./LCD.h"
 Parameters:    Size  Location     Type
  a               1    wreg     unsigned char 
 Auto vars:     Size  Location     Type
  a               1    2[COMMON] unsigned char 
 Return value:  Size  Location     Type
                  1    wreg      void 
 Registers used:
		wreg
 Tracked objects:
		On entry : 
		On exit  : 
		Unchanged: 
 Data sizes:     COMMON   BANK0   BANK1   BANK3   BANK2
      Params:         0       0       0       0       0
      Locals:         1       0       0       0       0
      Temps:          2       0       0       0       0
      Totals:         3       0       0       0       0
Total ram usage:        3 bytes
 Hardware stack levels used:    1
 This function calls:
		Nothing
 This function is called by:
		_Lcd_Clear
		_Lcd_Set_Cursor
		_Lcd_Init
 This function uses a non-reentrant model



MODULE INFORMATION

Module		Function		Class		Link	Load	Size
C:\Program Files\Microchip\xc8\v2.31\pic\sources\c90\common\flneg.c
		___flneg       		CODE           	18D6	0000	11

C:\Program Files\Microchip\xc8\v2.31\pic\sources\c90\common\flneg.c estimated size: 11

C:\Program Files\Microchip\xc8\v2.31\pic\sources\c90\common\flge.c
		___flge        		CODE           	1D27	0000	162

C:\Program Files\Microchip\xc8\v2.31\pic\sources\c90\common\flge.c estimated size: 162

C:\Program Files\Microchip\xc8\v2.31\pic\sources\c90\common\sprcmul.c
		___flmul       		CODE           	0C9F	0000	865

C:\Program Files\Microchip\xc8\v2.31\pic\sources\c90\common\sprcmul.c estimated size: 865

C:\Program Files\Microchip\xc8\v2.31\pic\sources\c90\common\__lldiv.c
		___lldiv       		CODE           	1BD8	0000	102

C:\Program Files\Microchip\xc8\v2.31\pic\sources\c90\common\__lldiv.c estimated size: 102

C:\Program Files\Microchip\xc8\v2.31\pic\sources\c90\common\sprcdiv.c
		___fldiv       		CODE           	10D8	0000	477

C:\Program Files\Microchip\xc8\v2.31\pic\sources\c90\common\sprcdiv.c estimated size: 477

C:\Program Files\Microchip\xc8\v2.31\pic\sources\c90\common\Umul8_16.c
		__Umul8_16     		CODE           	19B4	0000	39

C:\Program Files\Microchip\xc8\v2.31\pic\sources\c90\common\Umul8_16.c estimated size: 39

C:\Program Files\Microchip\xc8\v2.31\pic\sources\c90\common\doprnt.c
		_scale         		CODE           	0940	0000	863
		_sprintf       		CODE           	019D	0000	1622
		_fround        		CODE           	12B5	0000	523

C:\Program Files\Microchip\xc8\v2.31\pic\sources\c90\common\doprnt.c estimated size: 3008

C:\Program Files\Microchip\xc8\v2.31\pic\sources\c90\common\ftdivl.c
		__tdiv_to_l_   		CODE           	1E85	0000	189

C:\Program Files\Microchip\xc8\v2.31\pic\sources\c90\common\ftdivl.c estimated size: 189

C:\Program Files\Microchip\xc8\v2.31\pic\sources\c90\common\lwmod.c
		___lwmod       		CODE           	1A11	0000	58

C:\Program Files\Microchip\xc8\v2.31\pic\sources\c90\common\lwmod.c estimated size: 58

C:\Program Files\Microchip\xc8\v2.31\pic\sources\c90\common\awmod.c
		___awmod       		CODE           	1B7F	0000	89

C:\Program Files\Microchip\xc8\v2.31\pic\sources\c90\common\awmod.c estimated size: 89

C:\Program Files\Microchip\xc8\v2.31\pic\sources\c90\common\Umul16.c
		___wmul        		CODE           	1969	0000	37

C:\Program Files\Microchip\xc8\v2.31\pic\sources\c90\common\Umul16.c estimated size: 37

C:\Program Files\Microchip\xc8\v2.31\pic\sources\c90\common\llmod.c
		___llmod       		CODE           	1B2B	0000	84

C:\Program Files\Microchip\xc8\v2.31\pic\sources\c90\common\llmod.c estimated size: 84

C:\Program Files\Microchip\xc8\v2.31\pic\sources\c90\common\isdigit.c
		_isdigit       		CODE           	1000	0000	18

C:\Program Files\Microchip\xc8\v2.31\pic\sources\c90\common\isdigit.c estimated size: 18

C:\Program Files\Microchip\xc8\v2.31\pic\sources\c90\common\sprcadd.c
		___flsub       		CODE           	1ADB	0000	80
		___fladd       		CODE           	14C0	0000	832

C:\Program Files\Microchip\xc8\v2.31\pic\sources\c90\common\sprcadd.c estimated size: 912

C:\Program Files\Microchip\xc8\v2.31\pic\sources\c90\common\fleq.c
		___fleq        		CODE           	1A8D	0000	78

C:\Program Files\Microchip\xc8\v2.31\pic\sources\c90\common\fleq.c estimated size: 78

./LCD.h
		_Lcd_Write_String		CODE           	1A4B	0000	66
		_Lcd_Init      		CODE           	19DB	0000	54
		_Lcd_Write_Char		CODE           	18EE	0000	16
		_Lcd_Cmd       		CODE           	18FE	0000	19
		_Lcd_Set_Cursor		CODE           	1945	0000	36
		_Lcd_Clear     		CODE           	18E1	0000	13

./LCD.h estimated size: 204

C:\Program Files\Microchip\xc8\v2.31\pic\sources\c90\common\fldivl.c
		__div_to_l_    		CODE           	1F42	0000	190

C:\Program Files\Microchip\xc8\v2.31\pic\sources\c90\common\fldivl.c estimated size: 190

C:\Program Files\Microchip\xc8\v2.31\pic\sources\c90\common\lwdiv.c
		___lwdiv       		CODE           	000B	0000	68

C:\Program Files\Microchip\xc8\v2.31\pic\sources\c90\common\lwdiv.c estimated size: 68

Main.c
		_conversion    		CODE           	1C3E	0000	109
		_temperaturac  		CODE           	1012	0000	198
		_spiWrite      		CODE           	18C0	0000	6
		_main          		CODE           	004F	0000	334
		_Contador      		CODE           	198E	0000	38
		_spiInit       		CODE           	1911	0000	22
		_spiReceiveWait		CODE           	18C6	0000	7
		_setup         		CODE           	1927	0000	30
		_spiRead       		CODE           	18CD	0000	9

Main.c estimated size: 753

C:\Program Files\Microchip\xc8\v2.31\pic\sources\c90\common\awdiv.c
		___awdiv       		CODE           	08D7	0000	105

C:\Program Files\Microchip\xc8\v2.31\pic\sources\c90\common\awdiv.c estimated size: 105

shared
		__stringtab    		STRING         	0800	0000	16
		__powers_      		STRING         	0810	0000	52
		_dpowers       		STRING         	0878	0000	40
		__npowers_     		STRING         	0844	0000	52
		__initialization		CODE           	07F3	0000	9

shared estimated size: 169

C:\Program Files\Microchip\xc8\v2.31\pic\sources\c90\common\fltol.c
		___fltol       		CODE           	1CAB	0000	124

C:\Program Files\Microchip\xc8\v2.31\pic\sources\c90\common\fltol.c estimated size: 124

C:\Program Files\Microchip\xc8\v2.31\pic\sources\c90\common\xxtofl.c
		___xxtofl      		CODE           	1DC9	0000	188

C:\Program Files\Microchip\xc8\v2.31\pic\sources\c90\common\xxtofl.c estimated size: 188

